2026-05-14 22:02:18,618 [INFO] 加载了 138 个配置
2026-05-14 22:02:18,618 [INFO] ===== 训练轮次 1/3 =====
2026-05-14 22:02:18,618 [INFO]   训练 Config 1/138 (realization 0)
2026-05-14 22:05:05,411 [INFO] 训练完成！实验: multi_config_exp_02, 模型: ppo_bundle_0514_2205.zip, 超参数已记录至: model\multi_config_exp_02\training_log.csv
2026-05-14 22:05:05,411 [INFO]   训练 Config 2/138 (realization 1)
2026-05-14 22:07:45,598 [INFO] 训练完成！实验: multi_config_exp_02, 模型: ppo_bundle_0514_2207.zip, 超参数已记录至: model\multi_config_exp_02\training_log.csv
2026-05-14 22:07:45,598 [INFO]   训练 Config 3/138 (realization 2)
2026-05-14 22:10:17,744 [INFO] 训练完成！实验: multi_config_exp_02, 模型: ppo_bundle_0514_2210.zip, 超参数已记录至: model\multi_config_exp_02\training_log.csv
2026-05-14 22:10:17,758 [INFO]   训练 Config 4/138 (realization 3)
2026-05-14 22:12:25,535 [INFO] 训练完成！实验: multi_config_exp_02, 模型: ppo_bundle_0514_2212.zip, 超参数已记录至: model\multi_config_exp_02\training_log.csv
2026-05-14 22:12:25,535 [INFO]   训练 Config 5/138 (realization 4)
2026-05-14 22:14:44,701 [INFO] 训练完成！实验: multi_config_exp_02, 模型: ppo_bundle_0514_2214.zip, 超参数已记录至: model\multi_config_exp_02\training_log.csv
2026-05-14 22:14:44,701 [INFO]   训练 Config 6/138 (realization 5)
2026-05-14 22:17:20,417 [INFO] 训练完成！实验: multi_config_exp_02, 模型: ppo_bundle_0514_2217.zip, 超参数已记录至: model\multi_config_exp_02\training_log.csv
2026-05-14 22:17:20,417 [INFO]   训练 Config 7/138 (realization 0)
2026-05-14 22:20:09,451 [INFO] 训练完成！实验: multi_config_exp_02, 模型: ppo_bundle_0514_2220.zip, 超参数已记录至: model\multi_config_exp_02\training_log.csv
2026-05-14 22:20:09,451 [INFO]   训练 Config 8/138 (realization 1)
2026-05-14 22:22:45,093 [INFO] 训练完成！实验: multi_config_exp_02, 模型: ppo_bundle_0514_2222.zip, 超参数已记录至: model\multi_config_exp_02\training_log.csv
2026-05-14 22:22:45,093 [INFO]   训练 Config 9/138 (realization 2)
2026-05-14 22:25:13,832 [INFO] 训练完成！实验: multi_config_exp_02, 模型: ppo_bundle_0514_2225.zip, 超参数已记录至: model\multi_config_exp_02\training_log.csv
2026-05-14 22:25:13,833 [INFO]   训练 Config 10/138 (realization 3)
2026-05-14 22:28:07,021 [INFO] 训练完成！实验: multi_config_exp_02, 模型: ppo_bundle_0514_2228.zip, 超参数已记录至: model\multi_config_exp_02\training_log.csv
2026-05-14 22:28:07,022 [INFO]   训练 Config 11/138 (realization 4)
2026-05-14 22:30:41,515 [INFO] 训练完成！实验: multi_config_exp_02, 模型: ppo_bundle_0514_2230.zip, 超参数已记录至: model\multi_config_exp_02\training_log.csv
2026-05-14 22:30:41,515 [INFO]   训练 Config 12/138 (realization 5)
2026-05-14 22:33:05,913 [INFO] 训练完成！实验: multi_config_exp_02, 模型: ppo_bundle_0514_2233.zip, 超参数已记录至: model\multi_config_exp_02\training_log.csv
2026-05-14 22:33:05,914 [INFO]   训练 Config 13/138 (realization 0)
2026-05-14 22:35:40,283 [INFO] 训练完成！实验: multi_config_exp_02, 模型: ppo_bundle_0514_2235.zip, 超参数已记录至: model\multi_config_exp_02\training_log.csv
2026-05-14 22:35:40,283 [INFO]   训练 Config 14/138 (realization 1)
2026-05-14 22:38:06,180 [INFO] 训练完成！实验: multi_config_exp_02, 模型: ppo_bundle_0514_2238.zip, 超参数已记录至: model\multi_config_exp_02\training_log.csv
2026-05-14 22:38:06,180 [INFO]   训练 Config 15/138 (realization 2)
2026-05-14 22:40:29,990 [INFO] 训练完成！实验: multi_config_exp_02, 模型: ppo_bundle_0514_2240.zip, 超参数已记录至: model\multi_config_exp_02\training_log.csv
2026-05-14 22:40:29,990 [INFO]   训练 Config 16/138 (realization 3)
2026-05-14 22:43:03,805 [INFO] 训练完成！实验: multi_config_exp_02, 模型: ppo_bundle_0514_2243.zip, 超参数已记录至: model\multi_config_exp_02\training_log.csv
2026-05-14 22:43:03,805 [INFO]   训练 Config 17/138 (realization 4)
2026-05-14 22:45:20,158 [INFO] 训练完成！实验: multi_config_exp_02, 模型: ppo_bundle_0514_2245.zip, 超参数已记录至: model\multi_config_exp_02\training_log.csv
2026-05-14 22:45:20,159 [INFO]   训练 Config 18/138 (realization 5)
2026-05-14 22:47:33,344 [INFO] 训练完成！实验: multi_config_exp_02, 模型: ppo_bundle_0514_2247.zip, 超参数已记录至: model\multi_config_exp_02\training_log.csv
2026-05-14 22:47:33,344 [INFO]   训练 Config 19/138 (realization 0)
2026-05-14 22:49:41,710 [INFO] 训练完成！实验: multi_config_exp_02, 模型: ppo_bundle_0514_2249.zip, 超参数已记录至: model\multi_config_exp_02\training_log.csv
2026-05-14 22:49:41,710 [INFO]   训练 Config 20/138 (realization 1)
2026-05-14 22:51:59,762 [INFO] 训练完成！实验: multi_config_exp_02, 模型: ppo_bundle_0514_2251.zip, 超参数已记录至: model\multi_config_exp_02\training_log.csv
2026-05-14 22:51:59,762 [INFO]   训练 Config 21/138 (realization 2)
2026-05-14 22:54:21,068 [INFO] 训练完成！实验: multi_config_exp_02, 模型: ppo_bundle_0514_2254.zip, 超参数已记录至: model\multi_config_exp_02\training_log.csv
2026-05-14 22:54:21,068 [INFO]   训练 Config 22/138 (realization 3)
2026-05-14 22:56:42,704 [INFO] 训练完成！实验: multi_config_exp_02, 模型: ppo_bundle_0514_2256.zip, 超参数已记录至: model\multi_config_exp_02\training_log.csv
2026-05-14 22:56:42,704 [INFO]   训练 Config 23/138 (realization 4)
2026-05-14 22:58:53,114 [INFO] 训练完成！实验: multi_config_exp_02, 模型: ppo_bundle_0514_2258.zip, 超参数已记录至: model\multi_config_exp_02\training_log.csv
2026-05-14 22:58:53,114 [INFO]   训练 Config 24/138 (realization 5)
2026-05-14 23:00:57,823 [INFO] 训练完成！实验: multi_config_exp_02, 模型: ppo_bundle_0514_2300.zip, 超参数已记录至: model\multi_config_exp_02\training_log.csv
2026-05-14 23:00:57,823 [INFO]   训练 Config 25/138 (realization 0)
2026-05-14 23:03:04,073 [INFO] 训练完成！实验: multi_config_exp_02, 模型: ppo_bundle_0514_2303.zip, 超参数已记录至: model\multi_config_exp_02\training_log.csv
2026-05-14 23:03:04,073 [INFO]   训练 Config 26/138 (realization 1)
2026-05-14 23:05:08,083 [INFO] 训练完成！实验: multi_config_exp_02, 模型: ppo_bundle_0514_2305.zip, 超参数已记录至: model\multi_config_exp_02\training_log.csv
2026-05-14 23:05:08,083 [INFO]   训练 Config 27/138 (realization 2)
2026-05-14 23:07:08,257 [INFO] 训练完成！实验: multi_config_exp_02, 模型: ppo_bundle_0514_2307.zip, 超参数已记录至: model\multi_config_exp_02\training_log.csv
2026-05-14 23:07:08,257 [INFO]   训练 Config 28/138 (realization 3)
2026-05-14 23:09:13,056 [INFO] 训练完成！实验: multi_config_exp_02, 模型: ppo_bundle_0514_2309.zip, 超参数已记录至: model\multi_config_exp_02\training_log.csv
2026-05-14 23:09:13,056 [INFO]   训练 Config 29/138 (realization 4)
2026-05-14 23:11:13,845 [INFO] 训练完成！实验: multi_config_exp_02, 模型: ppo_bundle_0514_2311.zip, 超参数已记录至: model\multi_config_exp_02\training_log.csv
2026-05-14 23:11:13,845 [INFO]   训练 Config 30/138 (realization 5)
2026-05-14 23:13:26,541 [INFO] 训练完成！实验: multi_config_exp_02, 模型: ppo_bundle_0514_2313.zip, 超参数已记录至: model\multi_config_exp_02\training_log.csv
2026-05-14 23:13:26,541 [INFO]   训练 Config 31/138 (realization 0)
2026-05-14 23:15:25,349 [INFO] 训练完成！实验: multi_config_exp_02, 模型: ppo_bundle_0514_2315.zip, 超参数已记录至: model\multi_config_exp_02\training_log.csv
2026-05-14 23:15:25,350 [INFO]   训练 Config 32/138 (realization 1)
2026-05-14 23:17:15,272 [INFO] 训练完成！实验: multi_config_exp_02, 模型: ppo_bundle_0514_2317.zip, 超参数已记录至: model\multi_config_exp_02\training_log.csv
2026-05-14 23:17:15,272 [INFO]   训练 Config 33/138 (realization 2)
2026-05-14 23:18:59,446 [INFO] 训练完成！实验: multi_config_exp_02, 模型: ppo_bundle_0514_2318.zip, 超参数已记录至: model\multi_config_exp_02\training_log.csv
2026-05-14 23:18:59,447 [INFO]   训练 Config 34/138 (realization 3)
2026-05-14 23:20:52,328 [INFO] 训练完成！实验: multi_config_exp_02, 模型: ppo_bundle_0514_2320.zip, 超参数已记录至: model\multi_config_exp_02\training_log.csv
2026-05-14 23:20:52,328 [INFO]   训练 Config 35/138 (realization 4)
2026-05-14 23:22:44,170 [INFO] 训练完成！实验: multi_config_exp_02, 模型: ppo_bundle_0514_2322.zip, 超参数已记录至: model\multi_config_exp_02\training_log.csv
2026-05-14 23:22:44,170 [INFO]   训练 Config 36/138 (realization 5)
2026-05-14 23:24:39,214 [INFO] 训练完成！实验: multi_config_exp_02, 模型: ppo_bundle_0514_2324.zip, 超参数已记录至: model\multi_config_exp_02\training_log.csv
2026-05-14 23:24:39,216 [INFO]   训练 Config 37/138 (realization 0)
2026-05-14 23:26:43,873 [INFO] 训练完成！实验: multi_config_exp_02, 模型: ppo_bundle_0514_2326.zip, 超参数已记录至: model\multi_config_exp_02\training_log.csv
2026-05-14 23:26:43,874 [INFO]   训练 Config 38/138 (realization 1)
2026-05-14 23:28:38,648 [INFO] 训练完成！实验: multi_config_exp_02, 模型: ppo_bundle_0514_2328.zip, 超参数已记录至: model\multi_config_exp_02\training_log.csv
2026-05-14 23:28:38,648 [INFO]   训练 Config 39/138 (realization 2)
2026-05-14 23:30:39,055 [INFO] 训练完成！实验: multi_config_exp_02, 模型: ppo_bundle_0514_2330.zip, 超参数已记录至: model\multi_config_exp_02\training_log.csv
2026-05-14 23:30:39,056 [INFO]   训练 Config 40/138 (realization 3)
2026-05-14 23:32:39,637 [INFO] 训练完成！实验: multi_config_exp_02, 模型: ppo_bundle_0514_2332.zip, 超参数已记录至: model\multi_config_exp_02\training_log.csv
2026-05-14 23:32:39,637 [INFO]   训练 Config 41/138 (realization 4)
2026-05-14 23:34:40,861 [INFO] 训练完成！实验: multi_config_exp_02, 模型: ppo_bundle_0514_2334.zip, 超参数已记录至: model\multi_config_exp_02\training_log.csv
2026-05-14 23:34:40,861 [INFO]   训练 Config 42/138 (realization 5)
2026-05-14 23:36:43,216 [INFO] 训练完成！实验: multi_config_exp_02, 模型: ppo_bundle_0514_2336.zip, 超参数已记录至: model\multi_config_exp_02\training_log.csv
2026-05-14 23:36:43,216 [INFO]   训练 Config 43/138 (realization 0)
2026-05-14 23:38:26,257 [INFO] 训练完成！实验: multi_config_exp_02, 模型: ppo_bundle_0514_2338.zip, 超参数已记录至: model\multi_config_exp_02\training_log.csv
2026-05-14 23:38:26,259 [INFO]   训练 Config 44/138 (realization 1)
2026-05-14 23:40:22,099 [INFO] 训练完成！实验: multi_config_exp_02, 模型: ppo_bundle_0514_2340.zip, 超参数已记录至: model\multi_config_exp_02\training_log.csv
2026-05-14 23:40:22,099 [INFO]   训练 Config 45/138 (realization 2)
2026-05-14 23:42:11,871 [INFO] 训练完成！实验: multi_config_exp_02, 模型: ppo_bundle_0514_2342.zip, 超参数已记录至: model\multi_config_exp_02\training_log.csv
2026-05-14 23:42:11,871 [INFO]   训练 Config 46/138 (realization 3)
2026-05-14 23:44:00,501 [INFO] 训练完成！实验: multi_config_exp_02, 模型: ppo_bundle_0514_2344.zip, 超参数已记录至: model\multi_config_exp_02\training_log.csv
2026-05-14 23:44:00,501 [INFO]   训练 Config 47/138 (realization 4)
2026-05-14 23:45:58,894 [INFO] 训练完成！实验: multi_config_exp_02, 模型: ppo_bundle_0514_2345.zip, 超参数已记录至: model\multi_config_exp_02\training_log.csv
2026-05-14 23:45:58,895 [INFO]   训练 Config 48/138 (realization 5)
2026-05-14 23:47:58,773 [INFO] 训练完成！实验: multi_config_exp_02, 模型: ppo_bundle_0514_2347.zip, 超参数已记录至: model\multi_config_exp_02\training_log.csv
2026-05-14 23:47:58,773 [INFO]   训练 Config 49/138 (realization 0)
2026-05-14 23:50:04,601 [INFO] 训练完成！实验: multi_config_exp_02, 模型: ppo_bundle_0514_2350.zip, 超参数已记录至: model\multi_config_exp_02\training_log.csv
2026-05-14 23:50:04,601 [INFO]   训练 Config 50/138 (realization 1)
2026-05-14 23:52:10,283 [INFO] 训练完成！实验: multi_config_exp_02, 模型: ppo_bundle_0514_2352.zip, 超参数已记录至: model\multi_config_exp_02\training_log.csv
2026-05-14 23:52:10,283 [INFO]   训练 Config 51/138 (realization 2)
2026-05-14 23:54:17,092 [INFO] 训练完成！实验: multi_config_exp_02, 模型: ppo_bundle_0514_2354.zip, 超参数已记录至: model\multi_config_exp_02\training_log.csv
2026-05-14 23:54:17,093 [INFO]   训练 Config 52/138 (realization 3)
2026-05-14 23:56:20,920 [INFO] 训练完成！实验: multi_config_exp_02, 模型: ppo_bundle_0514_2356.zip, 超参数已记录至: model\multi_config_exp_02\training_log.csv
2026-05-14 23:56:20,921 [INFO]   训练 Config 53/138 (realization 4)
2026-05-14 23:58:21,661 [INFO] 训练完成！实验: multi_config_exp_02, 模型: ppo_bundle_0514_2358.zip, 超参数已记录至: model\multi_config_exp_02\training_log.csv
2026-05-14 23:58:21,662 [INFO]   训练 Config 54/138 (realization 5)
2026-05-15 00:00:17,788 [INFO] 训练完成！实验: multi_config_exp_02, 模型: ppo_bundle_0515_0000.zip, 超参数已记录至: model\multi_config_exp_02\training_log.csv
2026-05-15 00:00:17,788 [INFO]   训练 Config 55/138 (realization 0)
2026-05-15 00:02:28,770 [INFO] 训练完成！实验: multi_config_exp_02, 模型: ppo_bundle_0515_0002.zip, 超参数已记录至: model\multi_config_exp_02\training_log.csv
2026-05-15 00:02:28,771 [INFO]   训练 Config 56/138 (realization 1)
2026-05-15 00:04:27,626 [INFO] 训练完成！实验: multi_config_exp_02, 模型: ppo_bundle_0515_0004.zip, 超参数已记录至: model\multi_config_exp_02\training_log.csv
2026-05-15 00:04:27,627 [INFO]   训练 Config 57/138 (realization 2)
2026-05-15 00:06:21,483 [INFO] 训练完成！实验: multi_config_exp_02, 模型: ppo_bundle_0515_0006.zip, 超参数已记录至: model\multi_config_exp_02\training_log.csv
2026-05-15 00:06:21,484 [INFO]   训练 Config 58/138 (realization 3)
2026-05-15 00:08:16,171 [INFO] 训练完成！实验: multi_config_exp_02, 模型: ppo_bundle_0515_0008.zip, 超参数已记录至: model\multi_config_exp_02\training_log.csv
2026-05-15 00:08:16,172 [INFO]   训练 Config 59/138 (realization 4)
2026-05-15 00:10:16,096 [INFO] 训练完成！实验: multi_config_exp_02, 模型: ppo_bundle_0515_0010.zip, 超参数已记录至: model\multi_config_exp_02\training_log.csv
2026-05-15 00:10:16,096 [INFO]   训练 Config 60/138 (realization 5)
2026-05-15 00:12:21,038 [INFO] 训练完成！实验: multi_config_exp_02, 模型: ppo_bundle_0515_0012.zip, 超参数已记录至: model\multi_config_exp_02\training_log.csv
2026-05-15 00:12:21,039 [INFO]   训练 Config 61/138 (realization 0)
2026-05-15 00:14:13,170 [INFO] 训练完成！实验: multi_config_exp_02, 模型: ppo_bundle_0515_0014.zip, 超参数已记录至: model\multi_config_exp_02\training_log.csv
2026-05-15 00:14:13,170 [INFO]   训练 Config 62/138 (realization 1)
2026-05-15 00:16:15,509 [INFO] 训练完成！实验: multi_config_exp_02, 模型: ppo_bundle_0515_0016.zip, 超参数已记录至: model\multi_config_exp_02\training_log.csv
2026-05-15 00:16:15,510 [INFO]   训练 Config 63/138 (realization 2)
2026-05-15 00:18:08,173 [INFO] 训练完成！实验: multi_config_exp_02, 模型: ppo_bundle_0515_0018.zip, 超参数已记录至: model\multi_config_exp_02\training_log.csv
2026-05-15 00:18:08,174 [INFO]   训练 Config 64/138 (realization 3)
2026-05-15 00:20:09,866 [INFO] 训练完成！实验: multi_config_exp_02, 模型: ppo_bundle_0515_0020.zip, 超参数已记录至: model\multi_config_exp_02\training_log.csv
2026-05-15 00:20:09,868 [INFO]   训练 Config 65/138 (realization 4)
2026-05-15 00:22:05,131 [INFO] 训练完成！实验: multi_config_exp_02, 模型: ppo_bundle_0515_0022.zip, 超参数已记录至: model\multi_config_exp_02\training_log.csv
2026-05-15 00:22:05,131 [INFO]   训练 Config 66/138 (realization 5)
2026-05-15 00:24:01,749 [INFO] 训练完成！实验: multi_config_exp_02, 模型: ppo_bundle_0515_0024.zip, 超参数已记录至: model\multi_config_exp_02\training_log.csv
2026-05-15 00:24:01,750 [INFO]   训练 Config 67/138 (realization 0)
2026-05-15 00:26:02,335 [INFO] 训练完成！实验: multi_config_exp_02, 模型: ppo_bundle_0515_0026.zip, 超参数已记录至: model\multi_config_exp_02\training_log.csv
2026-05-15 00:26:02,336 [INFO]   训练 Config 68/138 (realization 1)
2026-05-15 00:28:05,818 [INFO] 训练完成！实验: multi_config_exp_02, 模型: ppo_bundle_0515_0028.zip, 超参数已记录至: model\multi_config_exp_02\training_log.csv
2026-05-15 00:28:05,818 [INFO]   训练 Config 69/138 (realization 2)
2026-05-15 00:30:06,341 [INFO] 训练完成！实验: multi_config_exp_02, 模型: ppo_bundle_0515_0030.zip, 超参数已记录至: model\multi_config_exp_02\training_log.csv
2026-05-15 00:30:06,341 [INFO]   训练 Config 70/138 (realization 3)
2026-05-15 00:32:08,201 [INFO] 训练完成！实验: multi_config_exp_02, 模型: ppo_bundle_0515_0032.zip, 超参数已记录至: model\multi_config_exp_02\training_log.csv
2026-05-15 00:32:08,202 [INFO]   训练 Config 71/138 (realization 4)
2026-05-15 00:34:14,322 [INFO] 训练完成！实验: multi_config_exp_02, 模型: ppo_bundle_0515_0034.zip, 超参数已记录至: model\multi_config_exp_02\training_log.csv
2026-05-15 00:34:14,322 [INFO]   训练 Config 72/138 (realization 5)
2026-05-15 00:36:06,525 [INFO] 训练完成！实验: multi_config_exp_02, 模型: ppo_bundle_0515_0036.zip, 超参数已记录至: model\multi_config_exp_02\training_log.csv
2026-05-15 00:36:06,525 [INFO]   训练 Config 73/138 (realization 0)
2026-05-15 00:38:04,872 [INFO] 训练完成！实验: multi_config_exp_02, 模型: ppo_bundle_0515_0038.zip, 超参数已记录至: model\multi_config_exp_02\training_log.csv
2026-05-15 00:38:04,872 [INFO]   训练 Config 74/138 (realization 1)
2026-05-15 00:40:01,938 [INFO] 训练完成！实验: multi_config_exp_02, 模型: ppo_bundle_0515_0040.zip, 超参数已记录至: model\multi_config_exp_02\training_log.csv
2026-05-15 00:40:01,938 [INFO]   训练 Config 75/138 (realization 2)
2026-05-15 00:41:56,318 [INFO] 训练完成！实验: multi_config_exp_02, 模型: ppo_bundle_0515_0041.zip, 超参数已记录至: model\multi_config_exp_02\training_log.csv
2026-05-15 00:41:56,318 [INFO]   训练 Config 76/138 (realization 3)
2026-05-15 00:44:03,227 [INFO] 训练完成！实验: multi_config_exp_02, 模型: ppo_bundle_0515_0044.zip, 超参数已记录至: model\multi_config_exp_02\training_log.csv
2026-05-15 00:44:03,228 [INFO]   训练 Config 77/138 (realization 4)
2026-05-15 00:46:06,839 [INFO] 训练完成！实验: multi_config_exp_02, 模型: ppo_bundle_0515_0046.zip, 超参数已记录至: model\multi_config_exp_02\training_log.csv
2026-05-15 00:46:06,839 [INFO]   训练 Config 78/138 (realization 5)
2026-05-15 00:48:06,312 [INFO] 训练完成！实验: multi_config_exp_02, 模型: ppo_bundle_0515_0048.zip, 超参数已记录至: model\multi_config_exp_02\training_log.csv
2026-05-15 00:48:06,313 [INFO]   训练 Config 79/138 (realization 0)
2026-05-15 00:50:08,160 [INFO] 训练完成！实验: multi_config_exp_02, 模型: ppo_bundle_0515_0050.zip, 超参数已记录至: model\multi_config_exp_02\training_log.csv
2026-05-15 00:50:08,160 [INFO]   训练 Config 80/138 (realization 1)
2026-05-15 00:52:02,930 [INFO] 训练完成！实验: multi_config_exp_02, 模型: ppo_bundle_0515_0052.zip, 超参数已记录至: model\multi_config_exp_02\training_log.csv
2026-05-15 00:52:02,931 [INFO]   训练 Config 81/138 (realization 2)
2026-05-15 00:54:00,577 [INFO] 训练完成！实验: multi_config_exp_02, 模型: ppo_bundle_0515_0054.zip, 超参数已记录至: model\multi_config_exp_02\training_log.csv
2026-05-15 00:54:00,577 [INFO]   训练 Config 82/138 (realization 3)
2026-05-15 00:55:55,887 [INFO] 训练完成！实验: multi_config_exp_02, 模型: ppo_bundle_0515_0055.zip, 超参数已记录至: model\multi_config_exp_02\training_log.csv
2026-05-15 00:55:55,888 [INFO]   训练 Config 83/138 (realization 4)
2026-05-15 00:57:54,995 [INFO] 训练完成！实验: multi_config_exp_02, 模型: ppo_bundle_0515_0057.zip, 超参数已记录至: model\multi_config_exp_02\training_log.csv
2026-05-15 00:57:54,996 [INFO]   训练 Config 84/138 (realization 5)
2026-05-15 00:59:50,251 [INFO] 训练完成！实验: multi_config_exp_02, 模型: ppo_bundle_0515_0059.zip, 超参数已记录至: model\multi_config_exp_02\training_log.csv
2026-05-15 00:59:50,251 [INFO]   训练 Config 85/138 (realization 0)
2026-05-15 01:01:42,314 [INFO] 训练完成！实验: multi_config_exp_02, 模型: ppo_bundle_0515_0101.zip, 超参数已记录至: model\multi_config_exp_02\training_log.csv
2026-05-15 01:01:42,315 [INFO]   训练 Config 86/138 (realization 1)
2026-05-15 01:03:35,789 [INFO] 训练完成！实验: multi_config_exp_02, 模型: ppo_bundle_0515_0103.zip, 超参数已记录至: model\multi_config_exp_02\training_log.csv
2026-05-15 01:03:35,789 [INFO]   训练 Config 87/138 (realization 2)
2026-05-15 01:05:38,512 [INFO] 训练完成！实验: multi_config_exp_02, 模型: ppo_bundle_0515_0105.zip, 超参数已记录至: model\multi_config_exp_02\training_log.csv
2026-05-15 01:05:38,512 [INFO]   训练 Config 88/138 (realization 3)
2026-05-15 01:07:40,099 [INFO] 训练完成！实验: multi_config_exp_02, 模型: ppo_bundle_0515_0107.zip, 超参数已记录至: model\multi_config_exp_02\training_log.csv
2026-05-15 01:07:40,099 [INFO]   训练 Config 89/138 (realization 4)
2026-05-15 01:09:46,547 [INFO] 训练完成！实验: multi_config_exp_02, 模型: ppo_bundle_0515_0109.zip, 超参数已记录至: model\multi_config_exp_02\training_log.csv
2026-05-15 01:09:46,547 [INFO]   训练 Config 90/138 (realization 5)
2026-05-15 01:11:39,829 [INFO] 训练完成！实验: multi_config_exp_02, 模型: ppo_bundle_0515_0111.zip, 超参数已记录至: model\multi_config_exp_02\training_log.csv
2026-05-15 01:11:39,830 [INFO]   训练 Config 91/138 (realization 0)
2026-05-15 01:13:42,548 [INFO] 训练完成！实验: multi_config_exp_02, 模型: ppo_bundle_0515_0113.zip, 超参数已记录至: model\multi_config_exp_02\training_log.csv
2026-05-15 01:13:42,549 [INFO]   训练 Config 92/138 (realization 1)
2026-05-15 01:15:43,529 [INFO] 训练完成！实验: multi_config_exp_02, 模型: ppo_bundle_0515_0115.zip, 超参数已记录至: model\multi_config_exp_02\training_log.csv
2026-05-15 01:15:43,530 [INFO]   训练 Config 93/138 (realization 2)
2026-05-15 01:17:44,725 [INFO] 训练完成！实验: multi_config_exp_02, 模型: ppo_bundle_0515_0117.zip, 超参数已记录至: model\multi_config_exp_02\training_log.csv
2026-05-15 01:17:44,725 [INFO]   训练 Config 94/138 (realization 3)
2026-05-15 01:19:48,501 [INFO] 训练完成！实验: multi_config_exp_02, 模型: ppo_bundle_0515_0119.zip, 超参数已记录至: model\multi_config_exp_02\training_log.csv
2026-05-15 01:19:48,502 [INFO]   训练 Config 95/138 (realization 4)
2026-05-15 01:21:49,404 [INFO] 训练完成！实验: multi_config_exp_02, 模型: ppo_bundle_0515_0121.zip, 超参数已记录至: model\multi_config_exp_02\training_log.csv
2026-05-15 01:21:49,404 [INFO]   训练 Config 96/138 (realization 5)
2026-05-15 01:23:54,423 [INFO] 训练完成！实验: multi_config_exp_02, 模型: ppo_bundle_0515_0123.zip, 超参数已记录至: model\multi_config_exp_02\training_log.csv
2026-05-15 01:23:54,423 [INFO]   训练 Config 97/138 (realization 0)
2026-05-15 01:25:50,447 [INFO] 训练完成！实验: multi_config_exp_02, 模型: ppo_bundle_0515_0125.zip, 超参数已记录至: model\multi_config_exp_02\training_log.csv
2026-05-15 01:25:50,447 [INFO]   训练 Config 98/138 (realization 1)
2026-05-15 01:27:44,859 [INFO] 训练完成！实验: multi_config_exp_02, 模型: ppo_bundle_0515_0127.zip, 超参数已记录至: model\multi_config_exp_02\training_log.csv
2026-05-15 01:27:44,859 [INFO]   训练 Config 99/138 (realization 2)
2026-05-15 01:29:41,527 [INFO] 训练完成！实验: multi_config_exp_02, 模型: ppo_bundle_0515_0129.zip, 超参数已记录至: model\multi_config_exp_02\training_log.csv
2026-05-15 01:29:41,527 [INFO]   训练 Config 100/138 (realization 3)
2026-05-15 01:31:42,257 [INFO] 训练完成！实验: multi_config_exp_02, 模型: ppo_bundle_0515_0131.zip, 超参数已记录至: model\multi_config_exp_02\training_log.csv
2026-05-15 01:31:42,257 [INFO]   训练 Config 101/138 (realization 4)
2026-05-15 01:33:26,466 [INFO] 训练完成！实验: multi_config_exp_02, 模型: ppo_bundle_0515_0133.zip, 超参数已记录至: model\multi_config_exp_02\training_log.csv
2026-05-15 01:33:26,466 [INFO]   训练 Config 102/138 (realization 5)
2026-05-15 01:35:24,309 [INFO] 训练完成！实验: multi_config_exp_02, 模型: ppo_bundle_0515_0135.zip, 超参数已记录至: model\multi_config_exp_02\training_log.csv
2026-05-15 01:35:24,309 [INFO]   训练 Config 103/138 (realization 0)
2026-05-15 01:37:28,401 [INFO] 训练完成！实验: multi_config_exp_02, 模型: ppo_bundle_0515_0137.zip, 超参数已记录至: model\multi_config_exp_02\training_log.csv
2026-05-15 01:37:28,401 [INFO]   训练 Config 104/138 (realization 1)
2026-05-15 01:39:33,824 [INFO] 训练完成！实验: multi_config_exp_02, 模型: ppo_bundle_0515_0139.zip, 超参数已记录至: model\multi_config_exp_02\training_log.csv
2026-05-15 01:39:33,825 [INFO]   训练 Config 105/138 (realization 2)
2026-05-15 01:41:39,634 [INFO] 训练完成！实验: multi_config_exp_02, 模型: ppo_bundle_0515_0141.zip, 超参数已记录至: model\multi_config_exp_02\training_log.csv
2026-05-15 01:41:39,635 [INFO]   训练 Config 106/138 (realization 3)
2026-05-15 01:43:46,466 [INFO] 训练完成！实验: multi_config_exp_02, 模型: ppo_bundle_0515_0143.zip, 超参数已记录至: model\multi_config_exp_02\training_log.csv
2026-05-15 01:43:46,467 [INFO]   训练 Config 107/138 (realization 4)
2026-05-15 01:45:53,078 [INFO] 训练完成！实验: multi_config_exp_02, 模型: ppo_bundle_0515_0145.zip, 超参数已记录至: model\multi_config_exp_02\training_log.csv
2026-05-15 01:45:53,078 [INFO]   训练 Config 108/138 (realization 5)
2026-05-15 01:48:15,072 [INFO] 训练完成！实验: multi_config_exp_02, 模型: ppo_bundle_0515_0148.zip, 超参数已记录至: model\multi_config_exp_02\training_log.csv
2026-05-15 01:48:15,073 [INFO]   训练 Config 109/138 (realization 0)
2026-05-15 01:50:08,080 [INFO] 训练完成！实验: multi_config_exp_02, 模型: ppo_bundle_0515_0150.zip, 超参数已记录至: model\multi_config_exp_02\training_log.csv
2026-05-15 01:50:08,080 [INFO]   训练 Config 110/138 (realization 1)
2026-05-15 01:51:58,710 [INFO] 训练完成！实验: multi_config_exp_02, 模型: ppo_bundle_0515_0151.zip, 超参数已记录至: model\multi_config_exp_02\training_log.csv
2026-05-15 01:51:58,710 [INFO]   训练 Config 111/138 (realization 2)
2026-05-15 01:53:41,647 [INFO] 训练完成！实验: multi_config_exp_02, 模型: ppo_bundle_0515_0153.zip, 超参数已记录至: model\multi_config_exp_02\training_log.csv
2026-05-15 01:53:41,648 [INFO]   训练 Config 112/138 (realization 3)
2026-05-15 01:55:19,657 [INFO] 训练完成！实验: multi_config_exp_02, 模型: ppo_bundle_0515_0155.zip, 超参数已记录至: model\multi_config_exp_02\training_log.csv
2026-05-15 01:55:19,657 [INFO]   训练 Config 113/138 (realization 4)
2026-05-15 01:57:09,185 [INFO] 训练完成！实验: multi_config_exp_02, 模型: ppo_bundle_0515_0157.zip, 超参数已记录至: model\multi_config_exp_02\training_log.csv
2026-05-15 01:57:09,186 [INFO]   训练 Config 114/138 (realization 5)
2026-05-15 01:58:54,673 [INFO] 训练完成！实验: multi_config_exp_02, 模型: ppo_bundle_0515_0158.zip, 超参数已记录至: model\multi_config_exp_02\training_log.csv
2026-05-15 01:58:54,673 [INFO]   训练 Config 115/138 (realization 0)
2026-05-15 02:00:55,097 [INFO] 训练完成！实验: multi_config_exp_02, 模型: ppo_bundle_0515_0200.zip, 超参数已记录至: model\multi_config_exp_02\training_log.csv
2026-05-15 02:00:55,097 [INFO]   训练 Config 116/138 (realization 1)
2026-05-15 02:02:56,001 [INFO] 训练完成！实验: multi_config_exp_02, 模型: ppo_bundle_0515_0202.zip, 超参数已记录至: model\multi_config_exp_02\training_log.csv
2026-05-15 02:02:56,001 [INFO]   训练 Config 117/138 (realization 2)
2026-05-15 02:05:02,179 [INFO] 训练完成！实验: multi_config_exp_02, 模型: ppo_bundle_0515_0205.zip, 超参数已记录至: model\multi_config_exp_02\training_log.csv
2026-05-15 02:05:02,179 [INFO]   训练 Config 118/138 (realization 3)
2026-05-15 02:07:07,427 [INFO] 训练完成！实验: multi_config_exp_02, 模型: ppo_bundle_0515_0207.zip, 超参数已记录至: model\multi_config_exp_02\training_log.csv
2026-05-15 02:07:07,428 [INFO]   训练 Config 119/138 (realization 4)
2026-05-15 02:08:57,982 [INFO] 训练完成！实验: multi_config_exp_02, 模型: ppo_bundle_0515_0208.zip, 超参数已记录至: model\multi_config_exp_02\training_log.csv
2026-05-15 02:08:57,983 [INFO]   训练 Config 120/138 (realization 5)
2026-05-15 02:11:00,213 [INFO] 训练完成！实验: multi_config_exp_02, 模型: ppo_bundle_0515_0211.zip, 超参数已记录至: model\multi_config_exp_02\training_log.csv
2026-05-15 02:11:00,213 [INFO]   训练 Config 121/138 (realization 0)
2026-05-15 02:12:55,481 [INFO] 训练完成！实验: multi_config_exp_02, 模型: ppo_bundle_0515_0212.zip, 超参数已记录至: model\multi_config_exp_02\training_log.csv
2026-05-15 02:12:55,482 [INFO]   训练 Config 122/138 (realization 1)
2026-05-15 02:14:41,449 [INFO] 训练完成！实验: multi_config_exp_02, 模型: ppo_bundle_0515_0214.zip, 超参数已记录至: model\multi_config_exp_02\training_log.csv
2026-05-15 02:14:41,449 [INFO]   训练 Config 123/138 (realization 2)
2026-05-15 02:16:38,544 [INFO] 训练完成！实验: multi_config_exp_02, 模型: ppo_bundle_0515_0216.zip, 超参数已记录至: model\multi_config_exp_02\training_log.csv
2026-05-15 02:16:38,545 [INFO]   训练 Config 124/138 (realization 3)
2026-05-15 02:18:39,501 [INFO] 训练完成！实验: multi_config_exp_02, 模型: ppo_bundle_0515_0218.zip, 超参数已记录至: model\multi_config_exp_02\training_log.csv
2026-05-15 02:18:39,501 [INFO]   训练 Config 125/138 (realization 4)
2026-05-15 02:20:27,584 [INFO] 训练完成！实验: multi_config_exp_02, 模型: ppo_bundle_0515_0220.zip, 超参数已记录至: model\multi_config_exp_02\training_log.csv
2026-05-15 02:20:27,584 [INFO]   训练 Config 126/138 (realization 5)
2026-05-15 02:22:27,734 [INFO] 训练完成！实验: multi_config_exp_02, 模型: ppo_bundle_0515_0222.zip, 超参数已记录至: model\multi_config_exp_02\training_log.csv
2026-05-15 02:22:27,734 [INFO]   训练 Config 127/138 (realization 0)
2026-05-15 02:24:01,929 [INFO] 训练完成！实验: multi_config_exp_02, 模型: ppo_bundle_0515_0224.zip, 超参数已记录至: model\multi_config_exp_02\training_log.csv
2026-05-15 02:24:01,930 [INFO]   训练 Config 128/138 (realization 1)
2026-05-15 02:25:57,138 [INFO] 训练完成！实验: multi_config_exp_02, 模型: ppo_bundle_0515_0225.zip, 超参数已记录至: model\multi_config_exp_02\training_log.csv
2026-05-15 02:25:57,138 [INFO]   训练 Config 129/138 (realization 2)
2026-05-15 02:27:43,242 [INFO] 训练完成！实验: multi_config_exp_02, 模型: ppo_bundle_0515_0227.zip, 超参数已记录至: model\multi_config_exp_02\training_log.csv
2026-05-15 02:27:43,242 [INFO]   训练 Config 130/138 (realization 3)
2026-05-15 02:29:44,050 [INFO] 训练完成！实验: multi_config_exp_02, 模型: ppo_bundle_0515_0229.zip, 超参数已记录至: model\multi_config_exp_02\training_log.csv
2026-05-15 02:29:44,050 [INFO]   训练 Config 131/138 (realization 4)
2026-05-15 02:31:22,115 [INFO] 训练完成！实验: multi_config_exp_02, 模型: ppo_bundle_0515_0231.zip, 超参数已记录至: model\multi_config_exp_02\training_log.csv
2026-05-15 02:31:22,115 [INFO]   训练 Config 132/138 (realization 5)
2026-05-15 02:33:26,309 [INFO] 训练完成！实验: multi_config_exp_02, 模型: ppo_bundle_0515_0233.zip, 超参数已记录至: model\multi_config_exp_02\training_log.csv
2026-05-15 02:33:26,311 [INFO]   训练 Config 133/138 (realization 0)
2026-05-15 02:35:28,094 [INFO] 训练完成！实验: multi_config_exp_02, 模型: ppo_bundle_0515_0235.zip, 超参数已记录至: model\multi_config_exp_02\training_log.csv
2026-05-15 02:35:28,094 [INFO]   训练 Config 134/138 (realization 1)
2026-05-15 02:37:28,884 [INFO] 训练完成！实验: multi_config_exp_02, 模型: ppo_bundle_0515_0237.zip, 超参数已记录至: model\multi_config_exp_02\training_log.csv
2026-05-15 02:37:28,884 [INFO]   训练 Config 135/138 (realization 2)
2026-05-15 02:39:34,021 [INFO] 训练完成！实验: multi_config_exp_02, 模型: ppo_bundle_0515_0239.zip, 超参数已记录至: model\multi_config_exp_02\training_log.csv
2026-05-15 02:39:34,021 [INFO]   训练 Config 136/138 (realization 3)
2026-05-15 02:41:38,430 [INFO] 训练完成！实验: multi_config_exp_02, 模型: ppo_bundle_0515_0241.zip, 超参数已记录至: model\multi_config_exp_02\training_log.csv
2026-05-15 02:41:38,430 [INFO]   训练 Config 137/138 (realization 4)
2026-05-15 02:43:40,638 [INFO] 训练完成！实验: multi_config_exp_02, 模型: ppo_bundle_0515_0243.zip, 超参数已记录至: model\multi_config_exp_02\training_log.csv
2026-05-15 02:43:40,638 [INFO]   训练 Config 138/138 (realization 5)
2026-05-15 02:45:57,533 [INFO] 训练完成！实验: multi_config_exp_02, 模型: ppo_bundle_0515_0245.zip, 超参数已记录至: model\multi_config_exp_02\training_log.csv
2026-05-15 02:45:57,533 [INFO] ===== 训练轮次 2/3 =====
2026-05-15 02:45:57,534 [INFO]   训练 Config 1/138 (realization 0)
2026-05-15 02:47:56,401 [INFO] 训练完成！实验: multi_config_exp_02, 模型: ppo_bundle_0515_0247.zip, 超参数已记录至: model\multi_config_exp_02\training_log.csv
2026-05-15 02:47:56,401 [INFO]   训练 Config 2/138 (realization 1)
2026-05-15 02:49:54,405 [INFO] 训练完成！实验: multi_config_exp_02, 模型: ppo_bundle_0515_0249.zip, 超参数已记录至: model\multi_config_exp_02\training_log.csv
2026-05-15 02:49:54,406 [INFO]   训练 Config 3/138 (realization 2)
2026-05-15 02:52:01,064 [INFO] 训练完成！实验: multi_config_exp_02, 模型: ppo_bundle_0515_0252.zip, 超参数已记录至: model\multi_config_exp_02\training_log.csv
2026-05-15 02:52:01,064 [INFO]   训练 Config 4/138 (realization 3)
2026-05-15 02:53:51,085 [INFO] 训练完成！实验: multi_config_exp_02, 模型: ppo_bundle_0515_0253.zip, 超参数已记录至: model\multi_config_exp_02\training_log.csv
2026-05-15 02:53:51,086 [INFO]   训练 Config 5/138 (realization 4)
2026-05-15 02:55:48,303 [INFO] 训练完成！实验: multi_config_exp_02, 模型: ppo_bundle_0515_0255.zip, 超参数已记录至: model\multi_config_exp_02\training_log.csv
2026-05-15 02:55:48,303 [INFO]   训练 Config 6/138 (realization 5)
2026-05-15 02:57:54,884 [INFO] 训练完成！实验: multi_config_exp_02, 模型: ppo_bundle_0515_0257.zip, 超参数已记录至: model\multi_config_exp_02\training_log.csv
2026-05-15 02:57:54,884 [INFO]   训练 Config 7/138 (realization 0)
2026-05-15 03:00:07,794 [INFO] 训练完成！实验: multi_config_exp_02, 模型: ppo_bundle_0515_0300.zip, 超参数已记录至: model\multi_config_exp_02\training_log.csv
2026-05-15 03:00:07,794 [INFO]   训练 Config 8/138 (realization 1)
2026-05-15 03:02:16,911 [INFO] 训练完成！实验: multi_config_exp_02, 模型: ppo_bundle_0515_0302.zip, 超参数已记录至: model\multi_config_exp_02\training_log.csv
2026-05-15 03:02:16,911 [INFO]   训练 Config 9/138 (realization 2)
2026-05-15 03:04:22,923 [INFO] 训练完成！实验: multi_config_exp_02, 模型: ppo_bundle_0515_0304.zip, 超参数已记录至: model\multi_config_exp_02\training_log.csv
2026-05-15 03:04:22,923 [INFO]   训练 Config 10/138 (realization 3)
2026-05-15 03:06:35,769 [INFO] 训练完成！实验: multi_config_exp_02, 模型: ppo_bundle_0515_0306.zip, 超参数已记录至: model\multi_config_exp_02\training_log.csv
2026-05-15 03:06:35,769 [INFO]   训练 Config 11/138 (realization 4)
2026-05-15 03:08:45,402 [INFO] 训练完成！实验: multi_config_exp_02, 模型: ppo_bundle_0515_0308.zip, 超参数已记录至: model\multi_config_exp_02\training_log.csv
2026-05-15 03:08:45,402 [INFO]   训练 Config 12/138 (realization 5)
2026-05-15 03:10:45,624 [INFO] 训练完成！实验: multi_config_exp_02, 模型: ppo_bundle_0515_0310.zip, 超参数已记录至: model\multi_config_exp_02\training_log.csv
2026-05-15 03:10:45,624 [INFO]   训练 Config 13/138 (realization 0)
2026-05-15 03:12:51,161 [INFO] 训练完成！实验: multi_config_exp_02, 模型: ppo_bundle_0515_0312.zip, 超参数已记录至: model\multi_config_exp_02\training_log.csv
2026-05-15 03:12:51,161 [INFO]   训练 Config 14/138 (realization 1)
2026-05-15 03:14:56,796 [INFO] 训练完成！实验: multi_config_exp_02, 模型: ppo_bundle_0515_0314.zip, 超参数已记录至: model\multi_config_exp_02\training_log.csv
2026-05-15 03:14:56,796 [INFO]   训练 Config 15/138 (realization 2)
2026-05-15 03:16:59,023 [INFO] 训练完成！实验: multi_config_exp_02, 模型: ppo_bundle_0515_0316.zip, 超参数已记录至: model\multi_config_exp_02\training_log.csv
2026-05-15 03:16:59,023 [INFO]   训练 Config 16/138 (realization 3)
2026-05-15 03:19:07,440 [INFO] 训练完成！实验: multi_config_exp_02, 模型: ppo_bundle_0515_0319.zip, 超参数已记录至: model\multi_config_exp_02\training_log.csv
2026-05-15 03:19:07,440 [INFO]   训练 Config 17/138 (realization 4)
2026-05-15 03:21:07,141 [INFO] 训练完成！实验: multi_config_exp_02, 模型: ppo_bundle_0515_0321.zip, 超参数已记录至: model\multi_config_exp_02\training_log.csv
2026-05-15 03:21:07,141 [INFO]   训练 Config 18/138 (realization 5)
2026-05-15 03:23:06,033 [INFO] 训练完成！实验: multi_config_exp_02, 模型: ppo_bundle_0515_0323.zip, 超参数已记录至: model\multi_config_exp_02\training_log.csv
2026-05-15 03:23:06,033 [INFO]   训练 Config 19/138 (realization 0)
2026-05-15 03:24:58,975 [INFO] 训练完成！实验: multi_config_exp_02, 模型: ppo_bundle_0515_0324.zip, 超参数已记录至: model\multi_config_exp_02\training_log.csv
2026-05-15 03:24:58,975 [INFO]   训练 Config 20/138 (realization 1)
2026-05-15 03:27:00,538 [INFO] 训练完成！实验: multi_config_exp_02, 模型: ppo_bundle_0515_0327.zip, 超参数已记录至: model\multi_config_exp_02\training_log.csv
2026-05-15 03:27:00,538 [INFO]   训练 Config 21/138 (realization 2)
2026-05-15 03:29:07,144 [INFO] 训练完成！实验: multi_config_exp_02, 模型: ppo_bundle_0515_0329.zip, 超参数已记录至: model\multi_config_exp_02\training_log.csv
2026-05-15 03:29:07,144 [INFO]   训练 Config 22/138 (realization 3)
2026-05-15 03:31:11,593 [INFO] 训练完成！实验: multi_config_exp_02, 模型: ppo_bundle_0515_0331.zip, 超参数已记录至: model\multi_config_exp_02\training_log.csv
2026-05-15 03:31:11,593 [INFO]   训练 Config 23/138 (realization 4)
2026-05-15 03:33:07,009 [INFO] 训练完成！实验: multi_config_exp_02, 模型: ppo_bundle_0515_0333.zip, 超参数已记录至: model\multi_config_exp_02\training_log.csv
2026-05-15 03:33:07,009 [INFO]   训练 Config 24/138 (realization 5)
2026-05-15 03:35:07,583 [INFO] 训练完成！实验: multi_config_exp_02, 模型: ppo_bundle_0515_0335.zip, 超参数已记录至: model\multi_config_exp_02\training_log.csv
2026-05-15 03:35:07,583 [INFO]   训练 Config 25/138 (realization 0)
2026-05-15 03:37:10,737 [INFO] 训练完成！实验: multi_config_exp_02, 模型: ppo_bundle_0515_0337.zip, 超参数已记录至: model\multi_config_exp_02\training_log.csv
2026-05-15 03:37:10,737 [INFO]   训练 Config 26/138 (realization 1)
2026-05-15 03:39:14,253 [INFO] 训练完成！实验: multi_config_exp_02, 模型: ppo_bundle_0515_0339.zip, 超参数已记录至: model\multi_config_exp_02\training_log.csv
2026-05-15 03:39:14,254 [INFO]   训练 Config 27/138 (realization 2)
2026-05-15 03:41:15,612 [INFO] 训练完成！实验: multi_config_exp_02, 模型: ppo_bundle_0515_0341.zip, 超参数已记录至: model\multi_config_exp_02\training_log.csv
2026-05-15 03:41:15,612 [INFO]   训练 Config 28/138 (realization 3)
2026-05-15 03:43:19,641 [INFO] 训练完成！实验: multi_config_exp_02, 模型: ppo_bundle_0515_0343.zip, 超参数已记录至: model\multi_config_exp_02\training_log.csv
2026-05-15 03:43:19,642 [INFO]   训练 Config 29/138 (realization 4)
2026-05-15 03:45:22,191 [INFO] 训练完成！实验: multi_config_exp_02, 模型: ppo_bundle_0515_0345.zip, 超参数已记录至: model\multi_config_exp_02\training_log.csv
2026-05-15 03:45:22,192 [INFO]   训练 Config 30/138 (realization 5)
2026-05-15 03:47:35,450 [INFO] 训练完成！实验: multi_config_exp_02, 模型: ppo_bundle_0515_0347.zip, 超参数已记录至: model\multi_config_exp_02\training_log.csv
2026-05-15 03:47:35,450 [INFO]   训练 Config 31/138 (realization 0)
2026-05-15 03:49:32,572 [INFO] 训练完成！实验: multi_config_exp_02, 模型: ppo_bundle_0515_0349.zip, 超参数已记录至: model\multi_config_exp_02\training_log.csv
2026-05-15 03:49:32,573 [INFO]   训练 Config 32/138 (realization 1)
2026-05-15 03:51:22,838 [INFO] 训练完成！实验: multi_config_exp_02, 模型: ppo_bundle_0515_0351.zip, 超参数已记录至: model\multi_config_exp_02\training_log.csv
2026-05-15 03:51:22,838 [INFO]   训练 Config 33/138 (realization 2)
2026-05-15 03:53:13,064 [INFO] 训练完成！实验: multi_config_exp_02, 模型: ppo_bundle_0515_0353.zip, 超参数已记录至: model\multi_config_exp_02\training_log.csv
2026-05-15 03:53:13,064 [INFO]   训练 Config 34/138 (realization 3)
2026-05-15 03:55:03,021 [INFO] 训练完成！实验: multi_config_exp_02, 模型: ppo_bundle_0515_0355.zip, 超参数已记录至: model\multi_config_exp_02\training_log.csv
2026-05-15 03:55:03,021 [INFO]   训练 Config 35/138 (realization 4)
2026-05-15 03:56:52,462 [INFO] 训练完成！实验: multi_config_exp_02, 模型: ppo_bundle_0515_0356.zip, 超参数已记录至: model\multi_config_exp_02\training_log.csv
2026-05-15 03:56:52,462 [INFO]   训练 Config 36/138 (realization 5)
2026-05-15 03:58:51,789 [INFO] 训练完成！实验: multi_config_exp_02, 模型: ppo_bundle_0515_0358.zip, 超参数已记录至: model\multi_config_exp_02\training_log.csv
2026-05-15 03:58:51,789 [INFO]   训练 Config 37/138 (realization 0)
2026-05-15 04:01:00,396 [INFO] 训练完成！实验: multi_config_exp_02, 模型: ppo_bundle_0515_0401.zip, 超参数已记录至: model\multi_config_exp_02\training_log.csv
2026-05-15 04:01:00,396 [INFO]   训练 Config 38/138 (realization 1)
2026-05-15 04:02:51,757 [INFO] 训练完成！实验: multi_config_exp_02, 模型: ppo_bundle_0515_0402.zip, 超参数已记录至: model\multi_config_exp_02\training_log.csv
2026-05-15 04:02:51,757 [INFO]   训练 Config 39/138 (realization 2)
2026-05-15 04:04:49,128 [INFO] 训练完成！实验: multi_config_exp_02, 模型: ppo_bundle_0515_0404.zip, 超参数已记录至: model\multi_config_exp_02\training_log.csv
2026-05-15 04:04:49,128 [INFO]   训练 Config 40/138 (realization 3)
2026-05-15 04:06:43,556 [INFO] 训练完成！实验: multi_config_exp_02, 模型: ppo_bundle_0515_0406.zip, 超参数已记录至: model\multi_config_exp_02\training_log.csv
2026-05-15 04:06:43,556 [INFO]   训练 Config 41/138 (realization 4)
2026-05-15 04:08:40,484 [INFO] 训练完成！实验: multi_config_exp_02, 模型: ppo_bundle_0515_0408.zip, 超参数已记录至: model\multi_config_exp_02\training_log.csv
2026-05-15 04:08:40,484 [INFO]   训练 Config 42/138 (realization 5)
2026-05-15 04:10:48,042 [INFO] 训练完成！实验: multi_config_exp_02, 模型: ppo_bundle_0515_0410.zip, 超参数已记录至: model\multi_config_exp_02\training_log.csv
2026-05-15 04:10:48,042 [INFO]   训练 Config 43/138 (realization 0)
2026-05-15 04:12:31,287 [INFO] 训练完成！实验: multi_config_exp_02, 模型: ppo_bundle_0515_0412.zip, 超参数已记录至: model\multi_config_exp_02\training_log.csv
2026-05-15 04:12:31,288 [INFO]   训练 Config 44/138 (realization 1)
2026-05-15 04:14:26,171 [INFO] 训练完成！实验: multi_config_exp_02, 模型: ppo_bundle_0515_0414.zip, 超参数已记录至: model\multi_config_exp_02\training_log.csv
2026-05-15 04:14:26,171 [INFO]   训练 Config 45/138 (realization 2)
2026-05-15 04:16:20,019 [INFO] 训练完成！实验: multi_config_exp_02, 模型: ppo_bundle_0515_0416.zip, 超参数已记录至: model\multi_config_exp_02\training_log.csv
2026-05-15 04:16:20,020 [INFO]   训练 Config 46/138 (realization 3)
2026-05-15 04:18:10,070 [INFO] 训练完成！实验: multi_config_exp_02, 模型: ppo_bundle_0515_0418.zip, 超参数已记录至: model\multi_config_exp_02\training_log.csv
2026-05-15 04:18:10,070 [INFO]   训练 Config 47/138 (realization 4)
2026-05-15 04:20:05,103 [INFO] 训练完成！实验: multi_config_exp_02, 模型: ppo_bundle_0515_0420.zip, 超参数已记录至: model\multi_config_exp_02\training_log.csv
2026-05-15 04:20:05,103 [INFO]   训练 Config 48/138 (realization 5)
2026-05-15 04:22:08,638 [INFO] 训练完成！实验: multi_config_exp_02, 模型: ppo_bundle_0515_0422.zip, 超参数已记录至: model\multi_config_exp_02\training_log.csv
2026-05-15 04:22:08,638 [INFO]   训练 Config 49/138 (realization 0)
2026-05-15 04:24:09,071 [INFO] 训练完成！实验: multi_config_exp_02, 模型: ppo_bundle_0515_0424.zip, 超参数已记录至: model\multi_config_exp_02\training_log.csv
2026-05-15 04:24:09,071 [INFO]   训练 Config 50/138 (realization 1)
2026-05-15 04:26:14,145 [INFO] 训练完成！实验: multi_config_exp_02, 模型: ppo_bundle_0515_0426.zip, 超参数已记录至: model\multi_config_exp_02\training_log.csv
2026-05-15 04:26:14,145 [INFO]   训练 Config 51/138 (realization 2)
2026-05-15 04:28:24,664 [INFO] 训练完成！实验: multi_config_exp_02, 模型: ppo_bundle_0515_0428.zip, 超参数已记录至: model\multi_config_exp_02\training_log.csv
2026-05-15 04:28:24,665 [INFO]   训练 Config 52/138 (realization 3)
2026-05-15 04:30:24,746 [INFO] 训练完成！实验: multi_config_exp_02, 模型: ppo_bundle_0515_0430.zip, 超参数已记录至: model\multi_config_exp_02\training_log.csv
2026-05-15 04:30:24,746 [INFO]   训练 Config 53/138 (realization 4)
2026-05-15 04:32:24,830 [INFO] 训练完成！实验: multi_config_exp_02, 模型: ppo_bundle_0515_0432.zip, 超参数已记录至: model\multi_config_exp_02\training_log.csv
2026-05-15 04:32:24,830 [INFO]   训练 Config 54/138 (realization 5)
2026-05-15 04:34:23,124 [INFO] 训练完成！实验: multi_config_exp_02, 模型: ppo_bundle_0515_0434.zip, 超参数已记录至: model\multi_config_exp_02\training_log.csv
2026-05-15 04:34:23,125 [INFO]   训练 Config 55/138 (realization 0)
2026-05-15 04:36:28,960 [INFO] 训练完成！实验: multi_config_exp_02, 模型: ppo_bundle_0515_0436.zip, 超参数已记录至: model\multi_config_exp_02\training_log.csv
2026-05-15 04:36:28,960 [INFO]   训练 Config 56/138 (realization 1)
2026-05-15 04:38:29,920 [INFO] 训练完成！实验: multi_config_exp_02, 模型: ppo_bundle_0515_0438.zip, 超参数已记录至: model\multi_config_exp_02\training_log.csv
2026-05-15 04:38:29,920 [INFO]   训练 Config 57/138 (realization 2)
2026-05-15 04:40:26,881 [INFO] 训练完成！实验: multi_config_exp_02, 模型: ppo_bundle_0515_0440.zip, 超参数已记录至: model\multi_config_exp_02\training_log.csv
2026-05-15 04:40:26,881 [INFO]   训练 Config 58/138 (realization 3)
2026-05-15 04:42:25,418 [INFO] 训练完成！实验: multi_config_exp_02, 模型: ppo_bundle_0515_0442.zip, 超参数已记录至: model\multi_config_exp_02\training_log.csv
2026-05-15 04:42:25,418 [INFO]   训练 Config 59/138 (realization 4)
2026-05-15 04:44:26,236 [INFO] 训练完成！实验: multi_config_exp_02, 模型: ppo_bundle_0515_0444.zip, 超参数已记录至: model\multi_config_exp_02\training_log.csv
2026-05-15 04:44:26,237 [INFO]   训练 Config 60/138 (realization 5)
2026-05-15 04:46:31,480 [INFO] 训练完成！实验: multi_config_exp_02, 模型: ppo_bundle_0515_0446.zip, 超参数已记录至: model\multi_config_exp_02\training_log.csv
2026-05-15 04:46:31,480 [INFO]   训练 Config 61/138 (realization 0)
2026-05-15 04:48:19,686 [INFO] 训练完成！实验: multi_config_exp_02, 模型: ppo_bundle_0515_0448.zip, 超参数已记录至: model\multi_config_exp_02\training_log.csv
2026-05-15 04:48:19,686 [INFO]   训练 Config 62/138 (realization 1)
2026-05-15 04:50:17,786 [INFO] 训练完成！实验: multi_config_exp_02, 模型: ppo_bundle_0515_0450.zip, 超参数已记录至: model\multi_config_exp_02\training_log.csv
2026-05-15 04:50:17,786 [INFO]   训练 Config 63/138 (realization 2)
2026-05-15 04:52:12,709 [INFO] 训练完成！实验: multi_config_exp_02, 模型: ppo_bundle_0515_0452.zip, 超参数已记录至: model\multi_config_exp_02\training_log.csv
2026-05-15 04:52:12,709 [INFO]   训练 Config 64/138 (realization 3)
2026-05-15 04:54:11,871 [INFO] 训练完成！实验: multi_config_exp_02, 模型: ppo_bundle_0515_0454.zip, 超参数已记录至: model\multi_config_exp_02\training_log.csv
2026-05-15 04:54:11,871 [INFO]   训练 Config 65/138 (realization 4)
2026-05-15 04:56:04,373 [INFO] 训练完成！实验: multi_config_exp_02, 模型: ppo_bundle_0515_0456.zip, 超参数已记录至: model\multi_config_exp_02\training_log.csv
2026-05-15 04:56:04,373 [INFO]   训练 Config 66/138 (realization 5)
2026-05-15 04:58:02,209 [INFO] 训练完成！实验: multi_config_exp_02, 模型: ppo_bundle_0515_0458.zip, 超参数已记录至: model\multi_config_exp_02\training_log.csv
2026-05-15 04:58:02,211 [INFO]   训练 Config 67/138 (realization 0)
2026-05-15 05:00:03,249 [INFO] 训练完成！实验: multi_config_exp_02, 模型: ppo_bundle_0515_0500.zip, 超参数已记录至: model\multi_config_exp_02\training_log.csv
2026-05-15 05:00:03,249 [INFO]   训练 Config 68/138 (realization 1)
2026-05-15 05:02:05,733 [INFO] 训练完成！实验: multi_config_exp_02, 模型: ppo_bundle_0515_0502.zip, 超参数已记录至: model\multi_config_exp_02\training_log.csv
2026-05-15 05:02:05,733 [INFO]   训练 Config 69/138 (realization 2)
2026-05-15 05:04:05,476 [INFO] 训练完成！实验: multi_config_exp_02, 模型: ppo_bundle_0515_0504.zip, 超参数已记录至: model\multi_config_exp_02\training_log.csv
2026-05-15 05:04:05,477 [INFO]   训练 Config 70/138 (realization 3)
2026-05-15 05:06:07,517 [INFO] 训练完成！实验: multi_config_exp_02, 模型: ppo_bundle_0515_0506.zip, 超参数已记录至: model\multi_config_exp_02\training_log.csv
2026-05-15 05:06:07,517 [INFO]   训练 Config 71/138 (realization 4)
2026-05-15 05:08:11,109 [INFO] 训练完成！实验: multi_config_exp_02, 模型: ppo_bundle_0515_0508.zip, 超参数已记录至: model\multi_config_exp_02\training_log.csv
2026-05-15 05:08:11,109 [INFO]   训练 Config 72/138 (realization 5)
2026-05-15 05:10:07,614 [INFO] 训练完成！实验: multi_config_exp_02, 模型: ppo_bundle_0515_0510.zip, 超参数已记录至: model\multi_config_exp_02\training_log.csv
2026-05-15 05:10:07,614 [INFO]   训练 Config 73/138 (realization 0)
2026-05-15 05:12:05,547 [INFO] 训练完成！实验: multi_config_exp_02, 模型: ppo_bundle_0515_0512.zip, 超参数已记录至: model\multi_config_exp_02\training_log.csv
2026-05-15 05:12:05,547 [INFO]   训练 Config 74/138 (realization 1)
2026-05-15 05:13:59,979 [INFO] 训练完成！实验: multi_config_exp_02, 模型: ppo_bundle_0515_0513.zip, 超参数已记录至: model\multi_config_exp_02\training_log.csv
2026-05-15 05:13:59,979 [INFO]   训练 Config 75/138 (realization 2)
2026-05-15 05:15:56,150 [INFO] 训练完成！实验: multi_config_exp_02, 模型: ppo_bundle_0515_0515.zip, 超参数已记录至: model\multi_config_exp_02\training_log.csv
2026-05-15 05:15:56,150 [INFO]   训练 Config 76/138 (realization 3)
2026-05-15 05:18:01,190 [INFO] 训练完成！实验: multi_config_exp_02, 模型: ppo_bundle_0515_0518.zip, 超参数已记录至: model\multi_config_exp_02\training_log.csv
2026-05-15 05:18:01,190 [INFO]   训练 Config 77/138 (realization 4)
2026-05-15 05:20:07,793 [INFO] 训练完成！实验: multi_config_exp_02, 模型: ppo_bundle_0515_0520.zip, 超参数已记录至: model\multi_config_exp_02\training_log.csv
2026-05-15 05:20:07,793 [INFO]   训练 Config 78/138 (realization 5)
2026-05-15 05:22:10,480 [INFO] 训练完成！实验: multi_config_exp_02, 模型: ppo_bundle_0515_0522.zip, 超参数已记录至: model\multi_config_exp_02\training_log.csv
2026-05-15 05:22:10,480 [INFO]   训练 Config 79/138 (realization 0)
2026-05-15 05:24:14,503 [INFO] 训练完成！实验: multi_config_exp_02, 模型: ppo_bundle_0515_0524.zip, 超参数已记录至: model\multi_config_exp_02\training_log.csv
2026-05-15 05:24:14,503 [INFO]   训练 Config 80/138 (realization 1)
2026-05-15 05:26:09,256 [INFO] 训练完成！实验: multi_config_exp_02, 模型: ppo_bundle_0515_0526.zip, 超参数已记录至: model\multi_config_exp_02\training_log.csv
2026-05-15 05:26:09,256 [INFO]   训练 Config 81/138 (realization 2)
2026-05-15 05:28:09,978 [INFO] 训练完成！实验: multi_config_exp_02, 模型: ppo_bundle_0515_0528.zip, 超参数已记录至: model\multi_config_exp_02\training_log.csv
2026-05-15 05:28:09,978 [INFO]   训练 Config 82/138 (realization 3)
2026-05-15 05:30:06,785 [INFO] 训练完成！实验: multi_config_exp_02, 模型: ppo_bundle_0515_0530.zip, 超参数已记录至: model\multi_config_exp_02\training_log.csv
2026-05-15 05:30:06,785 [INFO]   训练 Config 83/138 (realization 4)
2026-05-15 05:32:05,198 [INFO] 训练完成！实验: multi_config_exp_02, 模型: ppo_bundle_0515_0532.zip, 超参数已记录至: model\multi_config_exp_02\training_log.csv
2026-05-15 05:32:05,198 [INFO]   训练 Config 84/138 (realization 5)
2026-05-15 05:34:01,376 [INFO] 训练完成！实验: multi_config_exp_02, 模型: ppo_bundle_0515_0534.zip, 超参数已记录至: model\multi_config_exp_02\training_log.csv
2026-05-15 05:34:01,376 [INFO]   训练 Config 85/138 (realization 0)
2026-05-15 05:35:53,349 [INFO] 训练完成！实验: multi_config_exp_02, 模型: ppo_bundle_0515_0535.zip, 超参数已记录至: model\multi_config_exp_02\training_log.csv
2026-05-15 05:35:53,349 [INFO]   训练 Config 86/138 (realization 1)
2026-05-15 05:37:47,972 [INFO] 训练完成！实验: multi_config_exp_02, 模型: ppo_bundle_0515_0537.zip, 超参数已记录至: model\multi_config_exp_02\training_log.csv
2026-05-15 05:37:47,972 [INFO]   训练 Config 87/138 (realization 2)
2026-05-15 05:39:55,525 [INFO] 训练完成！实验: multi_config_exp_02, 模型: ppo_bundle_0515_0539.zip, 超参数已记录至: model\multi_config_exp_02\training_log.csv
2026-05-15 05:39:55,525 [INFO]   训练 Config 88/138 (realization 3)
2026-05-15 05:41:58,479 [INFO] 训练完成！实验: multi_config_exp_02, 模型: ppo_bundle_0515_0541.zip, 超参数已记录至: model\multi_config_exp_02\training_log.csv
2026-05-15 05:41:58,480 [INFO]   训练 Config 89/138 (realization 4)
2026-05-15 05:44:07,834 [INFO] 训练完成！实验: multi_config_exp_02, 模型: ppo_bundle_0515_0544.zip, 超参数已记录至: model\multi_config_exp_02\training_log.csv
2026-05-15 05:44:07,834 [INFO]   训练 Config 90/138 (realization 5)
2026-05-15 05:46:04,256 [INFO] 训练完成！实验: multi_config_exp_02, 模型: ppo_bundle_0515_0546.zip, 超参数已记录至: model\multi_config_exp_02\training_log.csv
2026-05-15 05:46:04,256 [INFO]   训练 Config 91/138 (realization 0)
2026-05-15 05:48:16,623 [INFO] 训练完成！实验: multi_config_exp_02, 模型: ppo_bundle_0515_0548.zip, 超参数已记录至: model\multi_config_exp_02\training_log.csv
2026-05-15 05:48:16,623 [INFO]   训练 Config 92/138 (realization 1)
2026-05-15 05:50:21,381 [INFO] 训练完成！实验: multi_config_exp_02, 模型: ppo_bundle_0515_0550.zip, 超参数已记录至: model\multi_config_exp_02\training_log.csv
2026-05-15 05:50:21,381 [INFO]   训练 Config 93/138 (realization 2)
2026-05-15 05:52:25,885 [INFO] 训练完成！实验: multi_config_exp_02, 模型: ppo_bundle_0515_0552.zip, 超参数已记录至: model\multi_config_exp_02\training_log.csv
2026-05-15 05:52:25,885 [INFO]   训练 Config 94/138 (realization 3)
2026-05-15 05:54:25,550 [INFO] 训练完成！实验: multi_config_exp_02, 模型: ppo_bundle_0515_0554.zip, 超参数已记录至: model\multi_config_exp_02\training_log.csv
2026-05-15 05:54:25,551 [INFO]   训练 Config 95/138 (realization 4)
2026-05-15 05:56:27,916 [INFO] 训练完成！实验: multi_config_exp_02, 模型: ppo_bundle_0515_0556.zip, 超参数已记录至: model\multi_config_exp_02\training_log.csv
2026-05-15 05:56:27,916 [INFO]   训练 Config 96/138 (realization 5)
2026-05-15 05:58:32,460 [INFO] 训练完成！实验: multi_config_exp_02, 模型: ppo_bundle_0515_0558.zip, 超参数已记录至: model\multi_config_exp_02\training_log.csv
2026-05-15 05:58:32,460 [INFO]   训练 Config 97/138 (realization 0)
2026-05-15 06:00:34,409 [INFO] 训练完成！实验: multi_config_exp_02, 模型: ppo_bundle_0515_0600.zip, 超参数已记录至: model\multi_config_exp_02\training_log.csv
2026-05-15 06:00:34,409 [INFO]   训练 Config 98/138 (realization 1)
2026-05-15 06:02:29,676 [INFO] 训练完成！实验: multi_config_exp_02, 模型: ppo_bundle_0515_0602.zip, 超参数已记录至: model\multi_config_exp_02\training_log.csv
2026-05-15 06:02:29,676 [INFO]   训练 Config 99/138 (realization 2)
2026-05-15 06:04:28,620 [INFO] 训练完成！实验: multi_config_exp_02, 模型: ppo_bundle_0515_0604.zip, 超参数已记录至: model\multi_config_exp_02\training_log.csv
2026-05-15 06:04:28,620 [INFO]   训练 Config 100/138 (realization 3)
2026-05-15 06:06:38,915 [INFO] 训练完成！实验: multi_config_exp_02, 模型: ppo_bundle_0515_0606.zip, 超参数已记录至: model\multi_config_exp_02\training_log.csv
2026-05-15 06:06:38,915 [INFO]   训练 Config 101/138 (realization 4)
2026-05-15 06:08:24,070 [INFO] 训练完成！实验: multi_config_exp_02, 模型: ppo_bundle_0515_0608.zip, 超参数已记录至: model\multi_config_exp_02\training_log.csv
2026-05-15 06:08:24,070 [INFO]   训练 Config 102/138 (realization 5)
2026-05-15 06:10:24,598 [INFO] 训练完成！实验: multi_config_exp_02, 模型: ppo_bundle_0515_0610.zip, 超参数已记录至: model\multi_config_exp_02\training_log.csv
2026-05-15 06:10:24,599 [INFO]   训练 Config 103/138 (realization 0)
2026-05-15 06:12:24,188 [INFO] 训练完成！实验: multi_config_exp_02, 模型: ppo_bundle_0515_0612.zip, 超参数已记录至: model\multi_config_exp_02\training_log.csv
2026-05-15 06:12:24,188 [INFO]   训练 Config 104/138 (realization 1)
2026-05-15 06:14:26,441 [INFO] 训练完成！实验: multi_config_exp_02, 模型: ppo_bundle_0515_0614.zip, 超参数已记录至: model\multi_config_exp_02\training_log.csv
2026-05-15 06:14:26,441 [INFO]   训练 Config 105/138 (realization 2)
2026-05-15 06:16:30,458 [INFO] 训练完成！实验: multi_config_exp_02, 模型: ppo_bundle_0515_0616.zip, 超参数已记录至: model\multi_config_exp_02\training_log.csv
2026-05-15 06:16:30,458 [INFO]   训练 Config 106/138 (realization 3)
2026-05-15 06:18:35,247 [INFO] 训练完成！实验: multi_config_exp_02, 模型: ppo_bundle_0515_0618.zip, 超参数已记录至: model\multi_config_exp_02\training_log.csv
2026-05-15 06:18:35,247 [INFO]   训练 Config 107/138 (realization 4)
2026-05-15 06:20:43,466 [INFO] 训练完成！实验: multi_config_exp_02, 模型: ppo_bundle_0515_0620.zip, 超参数已记录至: model\multi_config_exp_02\training_log.csv
2026-05-15 06:20:43,466 [INFO]   训练 Config 108/138 (realization 5)
2026-05-15 06:23:13,606 [INFO] 训练完成！实验: multi_config_exp_02, 模型: ppo_bundle_0515_0623.zip, 超参数已记录至: model\multi_config_exp_02\training_log.csv
2026-05-15 06:23:13,606 [INFO]   训练 Config 109/138 (realization 0)
2026-05-15 06:25:02,821 [INFO] 训练完成！实验: multi_config_exp_02, 模型: ppo_bundle_0515_0625.zip, 超参数已记录至: model\multi_config_exp_02\training_log.csv
2026-05-15 06:25:02,822 [INFO]   训练 Config 110/138 (realization 1)
2026-05-15 06:26:47,856 [INFO] 训练完成！实验: multi_config_exp_02, 模型: ppo_bundle_0515_0626.zip, 超参数已记录至: model\multi_config_exp_02\training_log.csv
2026-05-15 06:26:47,856 [INFO]   训练 Config 111/138 (realization 2)
2026-05-15 06:28:31,104 [INFO] 训练完成！实验: multi_config_exp_02, 模型: ppo_bundle_0515_0628.zip, 超参数已记录至: model\multi_config_exp_02\training_log.csv
2026-05-15 06:28:31,104 [INFO]   训练 Config 112/138 (realization 3)
2026-05-15 06:30:08,960 [INFO] 训练完成！实验: multi_config_exp_02, 模型: ppo_bundle_0515_0630.zip, 超参数已记录至: model\multi_config_exp_02\training_log.csv
2026-05-15 06:30:08,960 [INFO]   训练 Config 113/138 (realization 4)
2026-05-15 06:31:55,669 [INFO] 训练完成！实验: multi_config_exp_02, 模型: ppo_bundle_0515_0631.zip, 超参数已记录至: model\multi_config_exp_02\training_log.csv
2026-05-15 06:31:55,669 [INFO]   训练 Config 114/138 (realization 5)
2026-05-15 06:33:37,150 [INFO] 训练完成！实验: multi_config_exp_02, 模型: ppo_bundle_0515_0633.zip, 超参数已记录至: model\multi_config_exp_02\training_log.csv
2026-05-15 06:33:37,150 [INFO]   训练 Config 115/138 (realization 0)
2026-05-15 06:35:38,113 [INFO] 训练完成！实验: multi_config_exp_02, 模型: ppo_bundle_0515_0635.zip, 超参数已记录至: model\multi_config_exp_02\training_log.csv
2026-05-15 06:35:38,113 [INFO]   训练 Config 116/138 (realization 1)
2026-05-15 06:37:37,932 [INFO] 训练完成！实验: multi_config_exp_02, 模型: ppo_bundle_0515_0637.zip, 超参数已记录至: model\multi_config_exp_02\training_log.csv
2026-05-15 06:37:37,932 [INFO]   训练 Config 117/138 (realization 2)
2026-05-15 06:39:45,708 [INFO] 训练完成！实验: multi_config_exp_02, 模型: ppo_bundle_0515_0639.zip, 超参数已记录至: model\multi_config_exp_02\training_log.csv
2026-05-15 06:39:45,709 [INFO]   训练 Config 118/138 (realization 3)
2026-05-15 06:41:56,046 [INFO] 训练完成！实验: multi_config_exp_02, 模型: ppo_bundle_0515_0641.zip, 超参数已记录至: model\multi_config_exp_02\training_log.csv
2026-05-15 06:41:56,046 [INFO]   训练 Config 119/138 (realization 4)
2026-05-15 06:43:45,763 [INFO] 训练完成！实验: multi_config_exp_02, 模型: ppo_bundle_0515_0643.zip, 超参数已记录至: model\multi_config_exp_02\training_log.csv
2026-05-15 06:43:45,763 [INFO]   训练 Config 120/138 (realization 5)
2026-05-15 06:45:48,428 [INFO] 训练完成！实验: multi_config_exp_02, 模型: ppo_bundle_0515_0645.zip, 超参数已记录至: model\multi_config_exp_02\training_log.csv
2026-05-15 06:45:48,428 [INFO]   训练 Config 121/138 (realization 0)
2026-05-15 06:47:48,085 [INFO] 训练完成！实验: multi_config_exp_02, 模型: ppo_bundle_0515_0647.zip, 超参数已记录至: model\multi_config_exp_02\training_log.csv
2026-05-15 06:47:48,085 [INFO]   训练 Config 122/138 (realization 1)
2026-05-15 06:49:35,558 [INFO] 训练完成！实验: multi_config_exp_02, 模型: ppo_bundle_0515_0649.zip, 超参数已记录至: model\multi_config_exp_02\training_log.csv
2026-05-15 06:49:35,558 [INFO]   训练 Config 123/138 (realization 2)
2026-05-15 06:51:30,489 [INFO] 训练完成！实验: multi_config_exp_02, 模型: ppo_bundle_0515_0651.zip, 超参数已记录至: model\multi_config_exp_02\training_log.csv
2026-05-15 06:51:30,489 [INFO]   训练 Config 124/138 (realization 3)
2026-05-15 06:53:33,655 [INFO] 训练完成！实验: multi_config_exp_02, 模型: ppo_bundle_0515_0653.zip, 超参数已记录至: model\multi_config_exp_02\training_log.csv
2026-05-15 06:53:33,655 [INFO]   训练 Config 125/138 (realization 4)
2026-05-15 06:55:22,102 [INFO] 训练完成！实验: multi_config_exp_02, 模型: ppo_bundle_0515_0655.zip, 超参数已记录至: model\multi_config_exp_02\training_log.csv
2026-05-15 06:55:22,102 [INFO]   训练 Config 126/138 (realization 5)
2026-05-15 06:57:20,978 [INFO] 训练完成！实验: multi_config_exp_02, 模型: ppo_bundle_0515_0657.zip, 超参数已记录至: model\multi_config_exp_02\training_log.csv
2026-05-15 06:57:20,978 [INFO]   训练 Config 127/138 (realization 0)
2026-05-15 06:58:54,400 [INFO] 训练完成！实验: multi_config_exp_02, 模型: ppo_bundle_0515_0658.zip, 超参数已记录至: model\multi_config_exp_02\training_log.csv
2026-05-15 06:58:54,400 [INFO]   训练 Config 128/138 (realization 1)
2026-05-15 07:00:50,850 [INFO] 训练完成！实验: multi_config_exp_02, 模型: ppo_bundle_0515_0700.zip, 超参数已记录至: model\multi_config_exp_02\training_log.csv
2026-05-15 07:00:50,851 [INFO]   训练 Config 129/138 (realization 2)
2026-05-15 07:02:36,435 [INFO] 训练完成！实验: multi_config_exp_02, 模型: ppo_bundle_0515_0702.zip, 超参数已记录至: model\multi_config_exp_02\training_log.csv
2026-05-15 07:02:36,437 [INFO]   训练 Config 130/138 (realization 3)
2026-05-15 07:04:55,514 [INFO] 训练完成！实验: multi_config_exp_02, 模型: ppo_bundle_0515_0704.zip, 超参数已记录至: model\multi_config_exp_02\training_log.csv
2026-05-15 07:04:55,514 [INFO]   训练 Config 131/138 (realization 4)
2026-05-15 07:06:33,816 [INFO] 训练完成！实验: multi_config_exp_02, 模型: ppo_bundle_0515_0706.zip, 超参数已记录至: model\multi_config_exp_02\training_log.csv
2026-05-15 07:06:33,816 [INFO]   训练 Config 132/138 (realization 5)
2026-05-15 07:08:42,648 [INFO] 训练完成！实验: multi_config_exp_02, 模型: ppo_bundle_0515_0708.zip, 超参数已记录至: model\multi_config_exp_02\training_log.csv
2026-05-15 07:08:42,648 [INFO]   训练 Config 133/138 (realization 0)
2026-05-15 07:10:45,185 [INFO] 训练完成！实验: multi_config_exp_02, 模型: ppo_bundle_0515_0710.zip, 超参数已记录至: model\multi_config_exp_02\training_log.csv
2026-05-15 07:10:45,185 [INFO]   训练 Config 134/138 (realization 1)
2026-05-15 07:12:46,049 [INFO] 训练完成！实验: multi_config_exp_02, 模型: ppo_bundle_0515_0712.zip, 超参数已记录至: model\multi_config_exp_02\training_log.csv
2026-05-15 07:12:46,049 [INFO]   训练 Config 135/138 (realization 2)
2026-05-15 07:14:47,628 [INFO] 训练完成！实验: multi_config_exp_02, 模型: ppo_bundle_0515_0714.zip, 超参数已记录至: model\multi_config_exp_02\training_log.csv
2026-05-15 07:14:47,628 [INFO]   训练 Config 136/138 (realization 3)
2026-05-15 07:16:53,069 [INFO] 训练完成！实验: multi_config_exp_02, 模型: ppo_bundle_0515_0716.zip, 超参数已记录至: model\multi_config_exp_02\training_log.csv
2026-05-15 07:16:53,069 [INFO]   训练 Config 137/138 (realization 4)
2026-05-15 07:18:57,444 [INFO] 训练完成！实验: multi_config_exp_02, 模型: ppo_bundle_0515_0718.zip, 超参数已记录至: model\multi_config_exp_02\training_log.csv
2026-05-15 07:18:57,444 [INFO]   训练 Config 138/138 (realization 5)
2026-05-15 07:21:14,941 [INFO] 训练完成！实验: multi_config_exp_02, 模型: ppo_bundle_0515_0721.zip, 超参数已记录至: model\multi_config_exp_02\training_log.csv
2026-05-15 07:21:14,941 [INFO] ===== 训练轮次 3/3 =====
2026-05-15 07:21:14,941 [INFO]   训练 Config 1/138 (realization 0)
2026-05-15 07:23:15,106 [INFO] 训练完成！实验: multi_config_exp_02, 模型: ppo_bundle_0515_0723.zip, 超参数已记录至: model\multi_config_exp_02\training_log.csv
2026-05-15 07:23:15,106 [INFO]   训练 Config 2/138 (realization 1)
2026-05-15 07:25:14,565 [INFO] 训练完成！实验: multi_config_exp_02, 模型: ppo_bundle_0515_0725.zip, 超参数已记录至: model\multi_config_exp_02\training_log.csv
2026-05-15 07:25:14,565 [INFO]   训练 Config 3/138 (realization 2)
2026-05-15 07:27:24,850 [INFO] 训练完成！实验: multi_config_exp_02, 模型: ppo_bundle_0515_0727.zip, 超参数已记录至: model\multi_config_exp_02\training_log.csv
2026-05-15 07:27:24,850 [INFO]   训练 Config 4/138 (realization 3)
2026-05-15 07:29:16,828 [INFO] 训练完成！实验: multi_config_exp_02, 模型: ppo_bundle_0515_0729.zip, 超参数已记录至: model\multi_config_exp_02\training_log.csv
2026-05-15 07:29:16,828 [INFO]   训练 Config 5/138 (realization 4)
2026-05-15 07:31:13,071 [INFO] 训练完成！实验: multi_config_exp_02, 模型: ppo_bundle_0515_0731.zip, 超参数已记录至: model\multi_config_exp_02\training_log.csv
2026-05-15 07:31:13,071 [INFO]   训练 Config 6/138 (realization 5)
2026-05-15 07:33:23,282 [INFO] 训练完成！实验: multi_config_exp_02, 模型: ppo_bundle_0515_0733.zip, 超参数已记录至: model\multi_config_exp_02\training_log.csv
2026-05-15 07:33:23,282 [INFO]   训练 Config 7/138 (realization 0)
2026-05-15 07:35:43,458 [INFO] 训练完成！实验: multi_config_exp_02, 模型: ppo_bundle_0515_0735.zip, 超参数已记录至: model\multi_config_exp_02\training_log.csv
2026-05-15 07:35:43,458 [INFO]   训练 Config 8/138 (realization 1)
2026-05-15 07:37:57,472 [INFO] 训练完成！实验: multi_config_exp_02, 模型: ppo_bundle_0515_0737.zip, 超参数已记录至: model\multi_config_exp_02\training_log.csv
2026-05-15 07:37:57,472 [INFO]   训练 Config 9/138 (realization 2)
2026-05-15 07:40:08,351 [INFO] 训练完成！实验: multi_config_exp_02, 模型: ppo_bundle_0515_0740.zip, 超参数已记录至: model\multi_config_exp_02\training_log.csv
2026-05-15 07:40:08,351 [INFO]   训练 Config 10/138 (realization 3)
2026-05-15 07:42:28,065 [INFO] 训练完成！实验: multi_config_exp_02, 模型: ppo_bundle_0515_0742.zip, 超参数已记录至: model\multi_config_exp_02\training_log.csv
2026-05-15 07:42:28,065 [INFO]   训练 Config 11/138 (realization 4)
2026-05-15 07:44:45,323 [INFO] 训练完成！实验: multi_config_exp_02, 模型: ppo_bundle_0515_0744.zip, 超参数已记录至: model\multi_config_exp_02\training_log.csv
2026-05-15 07:44:45,323 [INFO]   训练 Config 12/138 (realization 5)
2026-05-15 07:46:47,715 [INFO] 训练完成！实验: multi_config_exp_02, 模型: ppo_bundle_0515_0746.zip, 超参数已记录至: model\multi_config_exp_02\training_log.csv
2026-05-15 07:46:47,715 [INFO]   训练 Config 13/138 (realization 0)
2026-05-15 07:48:55,890 [INFO] 训练完成！实验: multi_config_exp_02, 模型: ppo_bundle_0515_0748.zip, 超参数已记录至: model\multi_config_exp_02\training_log.csv
2026-05-15 07:48:55,890 [INFO]   训练 Config 14/138 (realization 1)
2026-05-15 07:51:02,106 [INFO] 训练完成！实验: multi_config_exp_02, 模型: ppo_bundle_0515_0751.zip, 超参数已记录至: model\multi_config_exp_02\training_log.csv
2026-05-15 07:51:02,106 [INFO]   训练 Config 15/138 (realization 2)
2026-05-15 07:53:03,499 [INFO] 训练完成！实验: multi_config_exp_02, 模型: ppo_bundle_0515_0753.zip, 超参数已记录至: model\multi_config_exp_02\training_log.csv
2026-05-15 07:53:03,499 [INFO]   训练 Config 16/138 (realization 3)
2026-05-15 07:55:11,449 [INFO] 训练完成！实验: multi_config_exp_02, 模型: ppo_bundle_0515_0755.zip, 超参数已记录至: model\multi_config_exp_02\training_log.csv
2026-05-15 07:55:11,449 [INFO]   训练 Config 17/138 (realization 4)
2026-05-15 07:57:11,926 [INFO] 训练完成！实验: multi_config_exp_02, 模型: ppo_bundle_0515_0757.zip, 超参数已记录至: model\multi_config_exp_02\training_log.csv
2026-05-15 07:57:11,926 [INFO]   训练 Config 18/138 (realization 5)
2026-05-15 07:59:08,803 [INFO] 训练完成！实验: multi_config_exp_02, 模型: ppo_bundle_0515_0759.zip, 超参数已记录至: model\multi_config_exp_02\training_log.csv
2026-05-15 07:59:08,803 [INFO]   训练 Config 19/138 (realization 0)
2026-05-15 08:01:04,642 [INFO] 训练完成！实验: multi_config_exp_02, 模型: ppo_bundle_0515_0801.zip, 超参数已记录至: model\multi_config_exp_02\training_log.csv
2026-05-15 08:01:04,642 [INFO]   训练 Config 20/138 (realization 1)
2026-05-15 08:03:08,412 [INFO] 训练完成！实验: multi_config_exp_02, 模型: ppo_bundle_0515_0803.zip, 超参数已记录至: model\multi_config_exp_02\training_log.csv
2026-05-15 08:03:08,412 [INFO]   训练 Config 21/138 (realization 2)
2026-05-15 08:05:15,820 [INFO] 训练完成！实验: multi_config_exp_02, 模型: ppo_bundle_0515_0805.zip, 超参数已记录至: model\multi_config_exp_02\training_log.csv
2026-05-15 08:05:15,820 [INFO]   训练 Config 22/138 (realization 3)
2026-05-15 08:07:21,586 [INFO] 训练完成！实验: multi_config_exp_02, 模型: ppo_bundle_0515_0807.zip, 超参数已记录至: model\multi_config_exp_02\training_log.csv
2026-05-15 08:07:21,586 [INFO]   训练 Config 23/138 (realization 4)
2026-05-15 08:09:19,883 [INFO] 训练完成！实验: multi_config_exp_02, 模型: ppo_bundle_0515_0809.zip, 超参数已记录至: model\multi_config_exp_02\training_log.csv
2026-05-15 08:09:19,883 [INFO]   训练 Config 24/138 (realization 5)
2026-05-15 08:11:22,229 [INFO] 训练完成！实验: multi_config_exp_02, 模型: ppo_bundle_0515_0811.zip, 超参数已记录至: model\multi_config_exp_02\training_log.csv
2026-05-15 08:11:22,230 [INFO]   训练 Config 25/138 (realization 0)
2026-05-15 08:13:27,387 [INFO] 训练完成！实验: multi_config_exp_02, 模型: ppo_bundle_0515_0813.zip, 超参数已记录至: model\multi_config_exp_02\training_log.csv
2026-05-15 08:13:27,387 [INFO]   训练 Config 26/138 (realization 1)
2026-05-15 08:15:32,559 [INFO] 训练完成！实验: multi_config_exp_02, 模型: ppo_bundle_0515_0815.zip, 超参数已记录至: model\multi_config_exp_02\training_log.csv
2026-05-15 08:15:32,559 [INFO]   训练 Config 27/138 (realization 2)
2026-05-15 08:17:31,907 [INFO] 训练完成！实验: multi_config_exp_02, 模型: ppo_bundle_0515_0817.zip, 超参数已记录至: model\multi_config_exp_02\training_log.csv
2026-05-15 08:17:31,907 [INFO]   训练 Config 28/138 (realization 3)
2026-05-15 08:19:37,770 [INFO] 训练完成！实验: multi_config_exp_02, 模型: ppo_bundle_0515_0819.zip, 超参数已记录至: model\multi_config_exp_02\training_log.csv
2026-05-15 08:19:37,770 [INFO]   训练 Config 29/138 (realization 4)
2026-05-15 08:21:40,836 [INFO] 训练完成！实验: multi_config_exp_02, 模型: ppo_bundle_0515_0821.zip, 超参数已记录至: model\multi_config_exp_02\training_log.csv
2026-05-15 08:21:40,836 [INFO]   训练 Config 30/138 (realization 5)
2026-05-15 08:23:53,456 [INFO] 训练完成！实验: multi_config_exp_02, 模型: ppo_bundle_0515_0823.zip, 超参数已记录至: model\multi_config_exp_02\training_log.csv
2026-05-15 08:23:53,456 [INFO]   训练 Config 31/138 (realization 0)
2026-05-15 08:25:55,011 [INFO] 训练完成！实验: multi_config_exp_02, 模型: ppo_bundle_0515_0825.zip, 超参数已记录至: model\multi_config_exp_02\training_log.csv
2026-05-15 08:25:55,011 [INFO]   训练 Config 32/138 (realization 1)
2026-05-15 08:27:47,098 [INFO] 训练完成！实验: multi_config_exp_02, 模型: ppo_bundle_0515_0827.zip, 超参数已记录至: model\multi_config_exp_02\training_log.csv
2026-05-15 08:27:47,098 [INFO]   训练 Config 33/138 (realization 2)
2026-05-15 08:29:35,912 [INFO] 训练完成！实验: multi_config_exp_02, 模型: ppo_bundle_0515_0829.zip, 超参数已记录至: model\multi_config_exp_02\training_log.csv
2026-05-15 08:29:35,912 [INFO]   训练 Config 34/138 (realization 3)
2026-05-15 08:31:27,077 [INFO] 训练完成！实验: multi_config_exp_02, 模型: ppo_bundle_0515_0831.zip, 超参数已记录至: model\multi_config_exp_02\training_log.csv
2026-05-15 08:31:27,077 [INFO]   训练 Config 35/138 (realization 4)
2026-05-15 08:33:18,698 [INFO] 训练完成！实验: multi_config_exp_02, 模型: ppo_bundle_0515_0833.zip, 超参数已记录至: model\multi_config_exp_02\training_log.csv
2026-05-15 08:33:18,698 [INFO]   训练 Config 36/138 (realization 5)
2026-05-15 08:35:22,929 [INFO] 训练完成！实验: multi_config_exp_02, 模型: ppo_bundle_0515_0835.zip, 超参数已记录至: model\multi_config_exp_02\training_log.csv
2026-05-15 08:35:22,929 [INFO]   训练 Config 37/138 (realization 0)
2026-05-15 08:37:36,965 [INFO] 训练完成！实验: multi_config_exp_02, 模型: ppo_bundle_0515_0837.zip, 超参数已记录至: model\multi_config_exp_02\training_log.csv
2026-05-15 08:37:36,965 [INFO]   训练 Config 38/138 (realization 1)
2026-05-15 08:39:31,084 [INFO] 训练完成！实验: multi_config_exp_02, 模型: ppo_bundle_0515_0839.zip, 超参数已记录至: model\multi_config_exp_02\training_log.csv
2026-05-15 08:39:31,084 [INFO]   训练 Config 39/138 (realization 2)
2026-05-15 08:41:29,520 [INFO] 训练完成！实验: multi_config_exp_02, 模型: ppo_bundle_0515_0841.zip, 超参数已记录至: model\multi_config_exp_02\training_log.csv
2026-05-15 08:41:29,520 [INFO]   训练 Config 40/138 (realization 3)
2026-05-15 08:43:24,476 [INFO] 训练完成！实验: multi_config_exp_02, 模型: ppo_bundle_0515_0843.zip, 超参数已记录至: model\multi_config_exp_02\training_log.csv
2026-05-15 08:43:24,476 [INFO]   训练 Config 41/138 (realization 4)
2026-05-15 08:45:24,333 [INFO] 训练完成！实验: multi_config_exp_02, 模型: ppo_bundle_0515_0845.zip, 超参数已记录至: model\multi_config_exp_02\training_log.csv
2026-05-15 08:45:24,333 [INFO]   训练 Config 42/138 (realization 5)
2026-05-15 08:47:34,413 [INFO] 训练完成！实验: multi_config_exp_02, 模型: ppo_bundle_0515_0847.zip, 超参数已记录至: model\multi_config_exp_02\training_log.csv
2026-05-15 08:47:34,413 [INFO]   训练 Config 43/138 (realization 0)
2026-05-15 08:49:18,449 [INFO] 训练完成！实验: multi_config_exp_02, 模型: ppo_bundle_0515_0849.zip, 超参数已记录至: model\multi_config_exp_02\training_log.csv
2026-05-15 08:49:18,449 [INFO]   训练 Config 44/138 (realization 1)
2026-05-15 08:51:13,012 [INFO] 训练完成！实验: multi_config_exp_02, 模型: ppo_bundle_0515_0851.zip, 超参数已记录至: model\multi_config_exp_02\training_log.csv
2026-05-15 08:51:13,012 [INFO]   训练 Config 45/138 (realization 2)
2026-05-15 08:53:06,032 [INFO] 训练完成！实验: multi_config_exp_02, 模型: ppo_bundle_0515_0853.zip, 超参数已记录至: model\multi_config_exp_02\training_log.csv
2026-05-15 08:53:06,032 [INFO]   训练 Config 46/138 (realization 3)
2026-05-15 08:54:55,491 [INFO] 训练完成！实验: multi_config_exp_02, 模型: ppo_bundle_0515_0854.zip, 超参数已记录至: model\multi_config_exp_02\training_log.csv
2026-05-15 08:54:55,491 [INFO]   训练 Config 47/138 (realization 4)
2026-05-15 08:56:50,143 [INFO] 训练完成！实验: multi_config_exp_02, 模型: ppo_bundle_0515_0856.zip, 超参数已记录至: model\multi_config_exp_02\training_log.csv
2026-05-15 08:56:50,143 [INFO]   训练 Config 48/138 (realization 5)
2026-05-15 08:58:52,724 [INFO] 训练完成！实验: multi_config_exp_02, 模型: ppo_bundle_0515_0858.zip, 超参数已记录至: model\multi_config_exp_02\training_log.csv
2026-05-15 08:58:52,724 [INFO]   训练 Config 49/138 (realization 0)
2026-05-15 09:00:55,805 [INFO] 训练完成！实验: multi_config_exp_02, 模型: ppo_bundle_0515_0900.zip, 超参数已记录至: model\multi_config_exp_02\training_log.csv
2026-05-15 09:00:55,805 [INFO]   训练 Config 50/138 (realization 1)
2026-05-15 09:03:00,384 [INFO] 训练完成！实验: multi_config_exp_02, 模型: ppo_bundle_0515_0903.zip, 超参数已记录至: model\multi_config_exp_02\training_log.csv
2026-05-15 09:03:00,384 [INFO]   训练 Config 51/138 (realization 2)
2026-05-15 09:05:11,281 [INFO] 训练完成！实验: multi_config_exp_02, 模型: ppo_bundle_0515_0905.zip, 超参数已记录至: model\multi_config_exp_02\training_log.csv
2026-05-15 09:05:11,281 [INFO]   训练 Config 52/138 (realization 3)
2026-05-15 09:07:15,062 [INFO] 训练完成！实验: multi_config_exp_02, 模型: ppo_bundle_0515_0907.zip, 超参数已记录至: model\multi_config_exp_02\training_log.csv
2026-05-15 09:07:15,062 [INFO]   训练 Config 53/138 (realization 4)
2026-05-15 09:09:18,456 [INFO] 训练完成！实验: multi_config_exp_02, 模型: ppo_bundle_0515_0909.zip, 超参数已记录至: model\multi_config_exp_02\training_log.csv
2026-05-15 09:09:18,456 [INFO]   训练 Config 54/138 (realization 5)
2026-05-15 09:11:18,079 [INFO] 训练完成！实验: multi_config_exp_02, 模型: ppo_bundle_0515_0911.zip, 超参数已记录至: model\multi_config_exp_02\training_log.csv
2026-05-15 09:11:18,079 [INFO]   训练 Config 55/138 (realization 0)
2026-05-15 09:13:21,070 [INFO] 训练完成！实验: multi_config_exp_02, 模型: ppo_bundle_0515_0913.zip, 超参数已记录至: model\multi_config_exp_02\training_log.csv
2026-05-15 09:13:21,070 [INFO]   训练 Config 56/138 (realization 1)
2026-05-15 09:15:44,576 [INFO] 训练完成！实验: multi_config_exp_02, 模型: ppo_bundle_0515_0915.zip, 超参数已记录至: model\multi_config_exp_02\training_log.csv
2026-05-15 09:15:44,576 [INFO]   训练 Config 57/138 (realization 2)
2026-05-15 09:17:48,537 [INFO] 训练完成！实验: multi_config_exp_02, 模型: ppo_bundle_0515_0917.zip, 超参数已记录至: model\multi_config_exp_02\training_log.csv
2026-05-15 09:17:48,537 [INFO]   训练 Config 58/138 (realization 3)
2026-05-15 09:19:55,503 [INFO] 训练完成！实验: multi_config_exp_02, 模型: ppo_bundle_0515_0919.zip, 超参数已记录至: model\multi_config_exp_02\training_log.csv
2026-05-15 09:19:55,503 [INFO]   训练 Config 59/138 (realization 4)
2026-05-15 09:22:10,417 [INFO] 训练完成！实验: multi_config_exp_02, 模型: ppo_bundle_0515_0922.zip, 超参数已记录至: model\multi_config_exp_02\training_log.csv
2026-05-15 09:22:10,417 [INFO]   训练 Config 60/138 (realization 5)
2026-05-15 09:24:22,410 [INFO] 训练完成！实验: multi_config_exp_02, 模型: ppo_bundle_0515_0924.zip, 超参数已记录至: model\multi_config_exp_02\training_log.csv
2026-05-15 09:24:22,410 [INFO]   训练 Config 61/138 (realization 0)
2026-05-15 09:26:22,267 [INFO] 训练完成！实验: multi_config_exp_02, 模型: ppo_bundle_0515_0926.zip, 超参数已记录至: model\multi_config_exp_02\training_log.csv
2026-05-15 09:26:22,267 [INFO]   训练 Config 62/138 (realization 1)
2026-05-15 09:28:27,771 [INFO] 训练完成！实验: multi_config_exp_02, 模型: ppo_bundle_0515_0928.zip, 超参数已记录至: model\multi_config_exp_02\training_log.csv
2026-05-15 09:28:27,771 [INFO]   训练 Config 63/138 (realization 2)
2026-05-15 09:30:31,801 [INFO] 训练完成！实验: multi_config_exp_02, 模型: ppo_bundle_0515_0930.zip, 超参数已记录至: model\multi_config_exp_02\training_log.csv
2026-05-15 09:30:31,801 [INFO]   训练 Config 64/138 (realization 3)
2026-05-15 09:32:42,586 [INFO] 训练完成！实验: multi_config_exp_02, 模型: ppo_bundle_0515_0932.zip, 超参数已记录至: model\multi_config_exp_02\training_log.csv
2026-05-15 09:32:42,586 [INFO]   训练 Config 65/138 (realization 4)
2026-05-15 09:34:45,900 [INFO] 训练完成！实验: multi_config_exp_02, 模型: ppo_bundle_0515_0934.zip, 超参数已记录至: model\multi_config_exp_02\training_log.csv
2026-05-15 09:34:45,900 [INFO]   训练 Config 66/138 (realization 5)
2026-05-15 09:36:50,641 [INFO] 训练完成！实验: multi_config_exp_02, 模型: ppo_bundle_0515_0936.zip, 超参数已记录至: model\multi_config_exp_02\training_log.csv
2026-05-15 09:36:50,642 [INFO]   训练 Config 67/138 (realization 0)
2026-05-15 09:39:04,067 [INFO] 训练完成！实验: multi_config_exp_02, 模型: ppo_bundle_0515_0939.zip, 超参数已记录至: model\multi_config_exp_02\training_log.csv
2026-05-15 09:39:04,067 [INFO]   训练 Config 68/138 (realization 1)
2026-05-15 09:41:19,241 [INFO] 训练完成！实验: multi_config_exp_02, 模型: ppo_bundle_0515_0941.zip, 超参数已记录至: model\multi_config_exp_02\training_log.csv
2026-05-15 09:41:19,242 [INFO]   训练 Config 69/138 (realization 2)
2026-05-15 09:43:26,274 [INFO] 训练完成！实验: multi_config_exp_02, 模型: ppo_bundle_0515_0943.zip, 超参数已记录至: model\multi_config_exp_02\training_log.csv
2026-05-15 09:43:26,274 [INFO]   训练 Config 70/138 (realization 3)
2026-05-15 09:45:42,280 [INFO] 训练完成！实验: multi_config_exp_02, 模型: ppo_bundle_0515_0945.zip, 超参数已记录至: model\multi_config_exp_02\training_log.csv
2026-05-15 09:45:42,280 [INFO]   训练 Config 71/138 (realization 4)
2026-05-15 09:47:57,997 [INFO] 训练完成！实验: multi_config_exp_02, 模型: ppo_bundle_0515_0947.zip, 超参数已记录至: model\multi_config_exp_02\training_log.csv
2026-05-15 09:47:57,997 [INFO]   训练 Config 72/138 (realization 5)
2026-05-15 09:50:04,725 [INFO] 训练完成！实验: multi_config_exp_02, 模型: ppo_bundle_0515_0950.zip, 超参数已记录至: model\multi_config_exp_02\training_log.csv
2026-05-15 09:50:04,725 [INFO]   训练 Config 73/138 (realization 0)
2026-05-15 09:52:16,101 [INFO] 训练完成！实验: multi_config_exp_02, 模型: ppo_bundle_0515_0952.zip, 超参数已记录至: model\multi_config_exp_02\training_log.csv
2026-05-15 09:52:16,102 [INFO]   训练 Config 74/138 (realization 1)
2026-05-15 09:54:19,930 [INFO] 训练完成！实验: multi_config_exp_02, 模型: ppo_bundle_0515_0954.zip, 超参数已记录至: model\multi_config_exp_02\training_log.csv
2026-05-15 09:54:19,930 [INFO]   训练 Config 75/138 (realization 2)
2026-05-15 09:56:25,584 [INFO] 训练完成！实验: multi_config_exp_02, 模型: ppo_bundle_0515_0956.zip, 超参数已记录至: model\multi_config_exp_02\training_log.csv
2026-05-15 09:56:25,584 [INFO]   训练 Config 76/138 (realization 3)
2026-05-15 09:58:42,741 [INFO] 训练完成！实验: multi_config_exp_02, 模型: ppo_bundle_0515_0958.zip, 超参数已记录至: model\multi_config_exp_02\training_log.csv
2026-05-15 09:58:42,741 [INFO]   训练 Config 77/138 (realization 4)
2026-05-15 10:01:01,003 [INFO] 训练完成！实验: multi_config_exp_02, 模型: ppo_bundle_0515_1001.zip, 超参数已记录至: model\multi_config_exp_02\training_log.csv
2026-05-15 10:01:01,003 [INFO]   训练 Config 78/138 (realization 5)
2026-05-15 10:03:20,414 [INFO] 训练完成！实验: multi_config_exp_02, 模型: ppo_bundle_0515_1003.zip, 超参数已记录至: model\multi_config_exp_02\training_log.csv
2026-05-15 10:03:20,414 [INFO]   训练 Config 79/138 (realization 0)
2026-05-15 10:05:42,179 [INFO] 训练完成！实验: multi_config_exp_02, 模型: ppo_bundle_0515_1005.zip, 超参数已记录至: model\multi_config_exp_02\training_log.csv
2026-05-15 10:05:42,179 [INFO]   训练 Config 80/138 (realization 1)
2026-05-15 10:07:52,070 [INFO] 训练完成！实验: multi_config_exp_02, 模型: ppo_bundle_0515_1007.zip, 超参数已记录至: model\multi_config_exp_02\training_log.csv
2026-05-15 10:07:52,070 [INFO]   训练 Config 81/138 (realization 2)
2026-05-15 10:10:07,675 [INFO] 训练完成！实验: multi_config_exp_02, 模型: ppo_bundle_0515_1010.zip, 超参数已记录至: model\multi_config_exp_02\training_log.csv
2026-05-15 10:10:07,676 [INFO]   训练 Config 82/138 (realization 3)
2026-05-15 10:12:12,761 [INFO] 训练完成！实验: multi_config_exp_02, 模型: ppo_bundle_0515_1012.zip, 超参数已记录至: model\multi_config_exp_02\training_log.csv
2026-05-15 10:12:12,761 [INFO]   训练 Config 83/138 (realization 4)
2026-05-15 10:14:19,614 [INFO] 训练完成！实验: multi_config_exp_02, 模型: ppo_bundle_0515_1014.zip, 超参数已记录至: model\multi_config_exp_02\training_log.csv
2026-05-15 10:14:19,614 [INFO]   训练 Config 84/138 (realization 5)
2026-05-15 10:16:24,352 [INFO] 训练完成！实验: multi_config_exp_02, 模型: ppo_bundle_0515_1016.zip, 超参数已记录至: model\multi_config_exp_02\training_log.csv
2026-05-15 10:16:24,352 [INFO]   训练 Config 85/138 (realization 0)
2026-05-15 10:18:23,222 [INFO] 训练完成！实验: multi_config_exp_02, 模型: ppo_bundle_0515_1018.zip, 超参数已记录至: model\multi_config_exp_02\training_log.csv
2026-05-15 10:18:23,222 [INFO]   训练 Config 86/138 (realization 1)
2026-05-15 10:20:25,401 [INFO] 训练完成！实验: multi_config_exp_02, 模型: ppo_bundle_0515_1020.zip, 超参数已记录至: model\multi_config_exp_02\training_log.csv
2026-05-15 10:20:25,401 [INFO]   训练 Config 87/138 (realization 2)
2026-05-15 10:22:40,897 [INFO] 训练完成！实验: multi_config_exp_02, 模型: ppo_bundle_0515_1022.zip, 超参数已记录至: model\multi_config_exp_02\training_log.csv
2026-05-15 10:22:40,898 [INFO]   训练 Config 88/138 (realization 3)
2026-05-15 10:24:52,042 [INFO] 训练完成！实验: multi_config_exp_02, 模型: ppo_bundle_0515_1024.zip, 超参数已记录至: model\multi_config_exp_02\training_log.csv
2026-05-15 10:24:52,042 [INFO]   训练 Config 89/138 (realization 4)
2026-05-15 10:27:07,119 [INFO] 训练完成！实验: multi_config_exp_02, 模型: ppo_bundle_0515_1027.zip, 超参数已记录至: model\multi_config_exp_02\training_log.csv
2026-05-15 10:27:07,120 [INFO]   训练 Config 90/138 (realization 5)
2026-05-15 10:29:09,629 [INFO] 训练完成！实验: multi_config_exp_02, 模型: ppo_bundle_0515_1029.zip, 超参数已记录至: model\multi_config_exp_02\training_log.csv
2026-05-15 10:29:09,629 [INFO]   训练 Config 91/138 (realization 0)
2026-05-15 10:31:32,382 [INFO] 训练完成！实验: multi_config_exp_02, 模型: ppo_bundle_0515_1031.zip, 超参数已记录至: model\multi_config_exp_02\training_log.csv
2026-05-15 10:31:32,382 [INFO]   训练 Config 92/138 (realization 1)
2026-05-15 10:33:41,164 [INFO] 训练完成！实验: multi_config_exp_02, 模型: ppo_bundle_0515_1033.zip, 超参数已记录至: model\multi_config_exp_02\training_log.csv
2026-05-15 10:33:41,164 [INFO]   训练 Config 93/138 (realization 2)
2026-05-15 10:35:52,490 [INFO] 训练完成！实验: multi_config_exp_02, 模型: ppo_bundle_0515_1035.zip, 超参数已记录至: model\multi_config_exp_02\training_log.csv
2026-05-15 10:35:52,490 [INFO]   训练 Config 94/138 (realization 3)
2026-05-15 10:38:01,121 [INFO] 训练完成！实验: multi_config_exp_02, 模型: ppo_bundle_0515_1038.zip, 超参数已记录至: model\multi_config_exp_02\training_log.csv
2026-05-15 10:38:01,121 [INFO]   训练 Config 95/138 (realization 4)
2026-05-15 10:40:11,888 [INFO] 训练完成！实验: multi_config_exp_02, 模型: ppo_bundle_0515_1040.zip, 超参数已记录至: model\multi_config_exp_02\training_log.csv
2026-05-15 10:40:11,889 [INFO]   训练 Config 96/138 (realization 5)
2026-05-15 10:42:22,962 [INFO] 训练完成！实验: multi_config_exp_02, 模型: ppo_bundle_0515_1042.zip, 超参数已记录至: model\multi_config_exp_02\training_log.csv
2026-05-15 10:42:22,962 [INFO]   训练 Config 97/138 (realization 0)
2026-05-15 10:44:33,622 [INFO] 训练完成！实验: multi_config_exp_02, 模型: ppo_bundle_0515_1044.zip, 超参数已记录至: model\multi_config_exp_02\training_log.csv
2026-05-15 10:44:33,622 [INFO]   训练 Config 98/138 (realization 1)
2026-05-15 10:46:37,977 [INFO] 训练完成！实验: multi_config_exp_02, 模型: ppo_bundle_0515_1046.zip, 超参数已记录至: model\multi_config_exp_02\training_log.csv
2026-05-15 10:46:37,978 [INFO]   训练 Config 99/138 (realization 2)
2026-05-15 10:48:45,259 [INFO] 训练完成！实验: multi_config_exp_02, 模型: ppo_bundle_0515_1048.zip, 超参数已记录至: model\multi_config_exp_02\training_log.csv
2026-05-15 10:48:45,259 [INFO]   训练 Config 100/138 (realization 3)
2026-05-15 10:51:14,262 [INFO] 训练完成！实验: multi_config_exp_02, 模型: ppo_bundle_0515_1051.zip, 超参数已记录至: model\multi_config_exp_02\training_log.csv
2026-05-15 10:51:14,263 [INFO]   训练 Config 101/138 (realization 4)
2026-05-15 10:53:06,501 [INFO] 训练完成！实验: multi_config_exp_02, 模型: ppo_bundle_0515_1053.zip, 超参数已记录至: model\multi_config_exp_02\training_log.csv
2026-05-15 10:53:06,501 [INFO]   训练 Config 102/138 (realization 5)
2026-05-15 10:55:12,938 [INFO] 训练完成！实验: multi_config_exp_02, 模型: ppo_bundle_0515_1055.zip, 超参数已记录至: model\multi_config_exp_02\training_log.csv
2026-05-15 10:55:12,938 [INFO]   训练 Config 103/138 (realization 0)
2026-05-15 10:57:29,777 [INFO] 训练完成！实验: multi_config_exp_02, 模型: ppo_bundle_0515_1057.zip, 超参数已记录至: model\multi_config_exp_02\training_log.csv
2026-05-15 10:57:29,777 [INFO]   训练 Config 104/138 (realization 1)
2026-05-15 10:59:43,043 [INFO] 训练完成！实验: multi_config_exp_02, 模型: ppo_bundle_0515_1059.zip, 超参数已记录至: model\multi_config_exp_02\training_log.csv
2026-05-15 10:59:43,043 [INFO]   训练 Config 105/138 (realization 2)
2026-05-15 11:02:00,513 [INFO] 训练完成！实验: multi_config_exp_02, 模型: ppo_bundle_0515_1102.zip, 超参数已记录至: model\multi_config_exp_02\training_log.csv
2026-05-15 11:02:00,513 [INFO]   训练 Config 106/138 (realization 3)
2026-05-15 11:04:17,915 [INFO] 训练完成！实验: multi_config_exp_02, 模型: ppo_bundle_0515_1104.zip, 超参数已记录至: model\multi_config_exp_02\training_log.csv
2026-05-15 11:04:17,916 [INFO]   训练 Config 107/138 (realization 4)
2026-05-15 11:06:34,438 [INFO] 训练完成！实验: multi_config_exp_02, 模型: ppo_bundle_0515_1106.zip, 超参数已记录至: model\multi_config_exp_02\training_log.csv
2026-05-15 11:06:34,438 [INFO]   训练 Config 108/138 (realization 5)
2026-05-15 11:09:17,325 [INFO] 训练完成！实验: multi_config_exp_02, 模型: ppo_bundle_0515_1109.zip, 超参数已记录至: model\multi_config_exp_02\training_log.csv
2026-05-15 11:09:17,326 [INFO]   训练 Config 109/138 (realization 0)
2026-05-15 11:11:16,245 [INFO] 训练完成！实验: multi_config_exp_02, 模型: ppo_bundle_0515_1111.zip, 超参数已记录至: model\multi_config_exp_02\training_log.csv
2026-05-15 11:11:16,245 [INFO]   训练 Config 110/138 (realization 1)
2026-05-15 11:13:09,721 [INFO] 训练完成！实验: multi_config_exp_02, 模型: ppo_bundle_0515_1113.zip, 超参数已记录至: model\multi_config_exp_02\training_log.csv
2026-05-15 11:13:09,722 [INFO]   训练 Config 111/138 (realization 2)
2026-05-15 11:14:58,934 [INFO] 训练完成！实验: multi_config_exp_02, 模型: ppo_bundle_0515_1114.zip, 超参数已记录至: model\multi_config_exp_02\training_log.csv
2026-05-15 11:14:58,934 [INFO]   训练 Config 112/138 (realization 3)
2026-05-15 11:16:45,761 [INFO] 训练完成！实验: multi_config_exp_02, 模型: ppo_bundle_0515_1116.zip, 超参数已记录至: model\multi_config_exp_02\training_log.csv
2026-05-15 11:16:45,762 [INFO]   训练 Config 113/138 (realization 4)
2026-05-15 11:18:39,010 [INFO] 训练完成！实验: multi_config_exp_02, 模型: ppo_bundle_0515_1118.zip, 超参数已记录至: model\multi_config_exp_02\training_log.csv
2026-05-15 11:18:39,010 [INFO]   训练 Config 114/138 (realization 5)
2026-05-15 11:20:29,381 [INFO] 训练完成！实验: multi_config_exp_02, 模型: ppo_bundle_0515_1120.zip, 超参数已记录至: model\multi_config_exp_02\training_log.csv
2026-05-15 11:20:29,381 [INFO]   训练 Config 115/138 (realization 0)
2026-05-15 11:22:42,848 [INFO] 训练完成！实验: multi_config_exp_02, 模型: ppo_bundle_0515_1122.zip, 超参数已记录至: model\multi_config_exp_02\training_log.csv
2026-05-15 11:22:42,848 [INFO]   训练 Config 116/138 (realization 1)
2026-05-15 11:24:52,992 [INFO] 训练完成！实验: multi_config_exp_02, 模型: ppo_bundle_0515_1124.zip, 超参数已记录至: model\multi_config_exp_02\training_log.csv
2026-05-15 11:24:52,992 [INFO]   训练 Config 117/138 (realization 2)
2026-05-15 11:27:17,289 [INFO] 训练完成！实验: multi_config_exp_02, 模型: ppo_bundle_0515_1127.zip, 超参数已记录至: model\multi_config_exp_02\training_log.csv
2026-05-15 11:27:17,289 [INFO]   训练 Config 118/138 (realization 3)
2026-05-15 11:29:38,048 [INFO] 训练完成！实验: multi_config_exp_02, 模型: ppo_bundle_0515_1129.zip, 超参数已记录至: model\multi_config_exp_02\training_log.csv
2026-05-15 11:29:38,048 [INFO]   训练 Config 119/138 (realization 4)
2026-05-15 11:31:37,140 [INFO] 训练完成！实验: multi_config_exp_02, 模型: ppo_bundle_0515_1131.zip, 超参数已记录至: model\multi_config_exp_02\training_log.csv
2026-05-15 11:31:37,140 [INFO]   训练 Config 120/138 (realization 5)
2026-05-15 11:33:48,967 [INFO] 训练完成！实验: multi_config_exp_02, 模型: ppo_bundle_0515_1133.zip, 超参数已记录至: model\multi_config_exp_02\training_log.csv
2026-05-15 11:33:48,967 [INFO]   训练 Config 121/138 (realization 0)
2026-05-15 11:35:58,769 [INFO] 训练完成！实验: multi_config_exp_02, 模型: ppo_bundle_0515_1135.zip, 超参数已记录至: model\multi_config_exp_02\training_log.csv
2026-05-15 11:35:58,769 [INFO]   训练 Config 122/138 (realization 1)
2026-05-15 11:37:56,696 [INFO] 训练完成！实验: multi_config_exp_02, 模型: ppo_bundle_0515_1137.zip, 超参数已记录至: model\multi_config_exp_02\training_log.csv
2026-05-15 11:37:56,696 [INFO]   训练 Config 123/138 (realization 2)
2026-05-15 11:40:07,019 [INFO] 训练完成！实验: multi_config_exp_02, 模型: ppo_bundle_0515_1140.zip, 超参数已记录至: model\multi_config_exp_02\training_log.csv
2026-05-15 11:40:07,019 [INFO]   训练 Config 124/138 (realization 3)
2026-05-15 11:42:10,857 [INFO] 训练完成！实验: multi_config_exp_02, 模型: ppo_bundle_0515_1142.zip, 超参数已记录至: model\multi_config_exp_02\training_log.csv
2026-05-15 11:42:10,857 [INFO]   训练 Config 125/138 (realization 4)
2026-05-15 11:44:06,729 [INFO] 训练完成！实验: multi_config_exp_02, 模型: ppo_bundle_0515_1144.zip, 超参数已记录至: model\multi_config_exp_02\training_log.csv
2026-05-15 11:44:06,729 [INFO]   训练 Config 126/138 (realization 5)
2026-05-15 11:46:12,120 [INFO] 训练完成！实验: multi_config_exp_02, 模型: ppo_bundle_0515_1146.zip, 超参数已记录至: model\multi_config_exp_02\training_log.csv
2026-05-15 11:46:12,121 [INFO]   训练 Config 127/138 (realization 0)
2026-05-15 11:47:51,855 [INFO] 训练完成！实验: multi_config_exp_02, 模型: ppo_bundle_0515_1147.zip, 超参数已记录至: model\multi_config_exp_02\training_log.csv
2026-05-15 11:47:51,855 [INFO]   训练 Config 128/138 (realization 1)
2026-05-15 11:50:03,772 [INFO] 训练完成！实验: multi_config_exp_02, 模型: ppo_bundle_0515_1150.zip, 超参数已记录至: model\multi_config_exp_02\training_log.csv
2026-05-15 11:50:03,772 [INFO]   训练 Config 129/138 (realization 2)
2026-05-15 11:51:59,451 [INFO] 训练完成！实验: multi_config_exp_02, 模型: ppo_bundle_0515_1151.zip, 超参数已记录至: model\multi_config_exp_02\training_log.csv
2026-05-15 11:51:59,451 [INFO]   训练 Config 130/138 (realization 3)
2026-05-15 11:54:31,164 [INFO] 训练完成！实验: multi_config_exp_02, 模型: ppo_bundle_0515_1154.zip, 超参数已记录至: model\multi_config_exp_02\training_log.csv
2026-05-15 11:54:31,165 [INFO]   训练 Config 131/138 (realization 4)
2026-05-15 11:56:15,364 [INFO] 训练完成！实验: multi_config_exp_02, 模型: ppo_bundle_0515_1156.zip, 超参数已记录至: model\multi_config_exp_02\training_log.csv
2026-05-15 11:56:15,364 [INFO]   训练 Config 132/138 (realization 5)
2026-05-15 11:58:33,190 [INFO] 训练完成！实验: multi_config_exp_02, 模型: ppo_bundle_0515_1158.zip, 超参数已记录至: model\multi_config_exp_02\training_log.csv
2026-05-15 11:58:33,190 [INFO]   训练 Config 133/138 (realization 0)
2026-05-15 12:00:45,488 [INFO] 训练完成！实验: multi_config_exp_02, 模型: ppo_bundle_0515_1200.zip, 超参数已记录至: model\multi_config_exp_02\training_log.csv
2026-05-15 12:00:45,488 [INFO]   训练 Config 134/138 (realization 1)
2026-05-15 12:02:57,446 [INFO] 训练完成！实验: multi_config_exp_02, 模型: ppo_bundle_0515_1202.zip, 超参数已记录至: model\multi_config_exp_02\training_log.csv
2026-05-15 12:02:57,446 [INFO]   训练 Config 135/138 (realization 2)
2026-05-15 12:05:09,109 [INFO] 训练完成！实验: multi_config_exp_02, 模型: ppo_bundle_0515_1205.zip, 超参数已记录至: model\multi_config_exp_02\training_log.csv
2026-05-15 12:05:09,109 [INFO]   训练 Config 136/138 (realization 3)
2026-05-15 12:07:20,156 [INFO] 训练完成！实验: multi_config_exp_02, 模型: ppo_bundle_0515_1207.zip, 超参数已记录至: model\multi_config_exp_02\training_log.csv
2026-05-15 12:07:20,156 [INFO]   训练 Config 137/138 (realization 4)
2026-05-15 12:09:31,471 [INFO] 训练完成！实验: multi_config_exp_02, 模型: ppo_bundle_0515_1209.zip, 超参数已记录至: model\multi_config_exp_02\training_log.csv
2026-05-15 12:09:31,471 [INFO]   训练 Config 138/138 (realization 5)
2026-05-15 12:11:59,455 [INFO] 训练完成！实验: multi_config_exp_02, 模型: ppo_bundle_0515_1211.zip, 超参数已记录至: model\multi_config_exp_02\training_log.csv
